[    0.000000] microcode: microcode updated early to revision 0xea, date = 2021-01-25
[    0.000000] Linux version 4.15.0-162-generic (buildd@lcy01-amd64-007) (gcc version 7.5.0 (Ubuntu 7.5.0-3ubuntu1~18.04)) #170-Ubuntu SMP Mon Oct 18 11:38:05 UTC 2021 (Ubuntu 4.15.0-162.170-generic 4.15.18)
[    0.000000] Command line: BOOT_IMAGE=/boot/vmlinuz-4.15.0-162-generic root=UUID=7b053b03-ede8-4488-b39c-dbfe4a59c275 ro quiet splash vt.handoff=1
[    0.000000] KERNEL supported cpus:
[    0.000000]   Intel GenuineIntel
[    0.000000]   AMD AuthenticAMD
[    0.000000]   Centaur CentaurHauls
[    0.000000] x86/fpu: Supporting XSAVE feature 0x001: 'x87 floating point registers'
[    0.000000] x86/fpu: Supporting XSAVE feature 0x002: 'SSE registers'
[    0.000000] x86/fpu: Supporting XSAVE feature 0x004: 'AVX registers'
[    0.000000] x86/fpu: Supporting XSAVE feature 0x008: 'MPX bounds registers'
[    0.000000] x86/fpu: Supporting XSAVE feature 0x010: 'MPX CSR'
[    0.000000] x86/fpu: xstate_offset[2]:  576, xstate_sizes[2]:  256
[    0.000000] x86/fpu: xstate_offset[3]:  832, xstate_sizes[3]:   64
[    0.000000] x86/fpu: xstate_offset[4]:  896, xstate_sizes[4]:   64
[    0.000000] x86/fpu: Enabled xstate features 0x1f, context size is 960 bytes, using 'compacted' format.
[    0.000000] e820: BIOS-provided physical RAM map:
[    0.000000] BIOS-e820: [mem 0x0000000000000000-0x0000000000057fff] usable
[    0.000000] BIOS-e820: [mem 0x0000000000058000-0x0000000000058fff] reserved
[    0.000000] BIOS-e820: [mem 0x0000000000059000-0x000000000009cfff] usable
[    0.000000] BIOS-e820: [mem 0x000000000009d000-0x000000000009ffff] reserved
[    0.000000] BIOS-e820: [mem 0x0000000000100000-0x000000006a3d0fff] usable
[    0.000000] BIOS-e820: [mem 0x000000006a3d1000-0x000000006a3d1fff] ACPI NVS
[    0.000000] BIOS-e820: [mem 0x000000006a3d2000-0x000000006a3fbfff] reserved
[    0.000000] BIOS-e820: [mem 0x000000006a3fc000-0x000000006a45dfff] usable
[    0.000000] BIOS-e820: [mem 0x000000006a45e000-0x000000006ac0dfff] reserved
[    0.000000] BIOS-e820: [mem 0x000000006ac0e000-0x0000000076c24fff] usable
[    0.000000] BIOS-e820: [mem 0x0000000076c25000-0x000000007763cfff] reserved
[    0.000000] BIOS-e820: [mem 0x000000007763d000-0x0000000077f98fff] ACPI NVS
[    0.000000] BIOS-e820: [mem 0x0000000077f99000-0x0000000077ffdfff] ACPI data
[    0.000000] BIOS-e820: [mem 0x0000000077ffe000-0x0000000077ffefff] usable
[    0.000000] BIOS-e820: [mem 0x0000000078000000-0x00000000780fffff] reserved
[    0.000000] BIOS-e820: [mem 0x00000000e0000000-0x00000000efffffff] reserved
[    0.000000] BIOS-e820: [mem 0x00000000fe000000-0x00000000fe010fff] reserved
[    0.000000] BIOS-e820: [mem 0x00000000fec00000-0x00000000fec00fff] reserved
[    0.000000] BIOS-e820: [mem 0x00000000fee00000-0x00000000fee00fff] reserved
[    0.000000] BIOS-e820: [mem 0x00000000ff000000-0x00000000ffffffff] reserved
[    0.000000] BIOS-e820: [mem 0x0000000100000000-0x0000000182ffffff] usable
[    0.000000] NX (Execute Disable) protection: active
[    0.000000] e820: update [mem 0x682a8018-0x682b8057] usable ==> usable
[    0.000000] e820: update [mem 0x682a8018-0x682b8057] usable ==> usable
[    0.000000] e820: update [mem 0x6829f018-0x682a7057] usable ==> usable
[    0.000000] e820: update [mem 0x6829f018-0x682a7057] usable ==> usable
[    0.000000] e820: update [mem 0x68292018-0x6829e857] usable ==> usable
[    0.000000] e820: update [mem 0x68292018-0x6829e857] usable ==> usable
[    0.000000] extended physical RAM map:
[    0.000000] reserve setup_data: [mem 0x0000000000000000-0x0000000000057fff] usable
[    0.000000] reserve setup_data: [mem 0x0000000000058000-0x0000000000058fff] reserved
[    0.000000] reserve setup_data: [mem 0x0000000000059000-0x000000000009cfff] usable
[    0.000000] reserve setup_data: [mem 0x000000000009d000-0x000000000009ffff] reserved
[    0.000000] reserve setup_data: [mem 0x0000000000100000-0x0000000068292017] usable
[    0.000000] reserve setup_data: [mem 0x0000000068292018-0x000000006829e857] usable
[    0.000000] reserve setup_data: [mem 0x000000006829e858-0x000000006829f017] usable
[    0.000000] reserve setup_data: [mem 0x000000006829f018-0x00000000682a7057] usable
[    0.000000] reserve setup_data: [mem 0x00000000682a7058-0x00000000682a8017] usable
[    0.000000] reserve setup_data: [mem 0x00000000682a8018-0x00000000682b8057] usable
[    0.000000] reserve setup_data: [mem 0x00000000682b8058-0x000000006a3d0fff] usable
[    0.000000] reserve setup_data: [mem 0x000000006a3d1000-0x000000006a3d1fff] ACPI NVS
[    0.000000] reserve setup_data: [mem 0x000000006a3d2000-0x000000006a3fbfff] reserved
[    0.000000] reserve setup_data: [mem 0x000000006a3fc000-0x000000006a45dfff] usable
[    0.000000] reserve setup_data: [mem 0x000000006a45e000-0x000000006ac0dfff] reserved
[    0.000000] reserve setup_data: [mem 0x000000006ac0e000-0x0000000076c24fff] usable
[    0.000000] reserve setup_data: [mem 0x0000000076c25000-0x000000007763cfff] reserved
[    0.000000] reserve setup_data: [mem 0x000000007763d000-0x0000000077f98fff] ACPI NVS
[    0.000000] reserve setup_data: [mem 0x0000000077f99000-0x0000000077ffdfff] ACPI data
[    0.000000] reserve setup_data: [mem 0x0000000077ffe000-0x0000000077ffefff] usable
[    0.000000] reserve setup_data: [mem 0x0000000078000000-0x00000000780fffff] reserved
[    0.000000] reserve setup_data: [mem 0x00000000e0000000-0x00000000efffffff] reserved
[    0.000000] reserve setup_data: [mem 0x00000000fe000000-0x00000000fe010fff] reserved
[    0.000000] reserve setup_data: [mem 0x00000000fec00000-0x00000000fec00fff] reserved
[    0.000000] reserve setup_data: [mem 0x00000000fee00000-0x00000000fee00fff] reserved
[    0.000000] reserve setup_data: [mem 0x00000000ff000000-0x00000000ffffffff] reserved
[    0.000000] reserve setup_data: [mem 0x0000000100000000-0x0000000182ffffff] usable
[    0.000000] efi: EFI v2.40 by American Megatrends
[    0.000000] efi:  ACPI=0x77fd4000  ACPI 2.0=0x77fd4000  SMBIOS=0xf0000  ESRT=0x76ffc598 
[    0.000000] secureboot: Secure boot disabled
[    0.000000] SMBIOS 2.8 present.
[    0.000000] DMI: Dell Inc. Inspiron 5559/0924RG, BIOS 1.4.1 12/08/2017
[    0.000000] e820: update [mem 0x00000000-0x00000fff] usable ==> reserved
[    0.000000] e820: remove [mem 0x000a0000-0x000fffff] usable
[    0.000000] e820: last_pfn = 0x183000 max_arch_pfn = 0x400000000
[    0.000000] MTRR default type: write-back
[    0.000000] MTRR fixed ranges enabled:
[    0.000000]   00000-9FFFF write-back
[    0.000000]   A0000-BFFFF uncachable
[    0.000000]   C0000-FFFFF write-protect
[    0.000000] MTRR variable ranges enabled:
[    0.000000]   0 base 0080000000 mask 7F80000000 uncachable
[    0.000000]   1 base 007C000000 mask 7FFC000000 uncachable
[    0.000000]   2 base 007A000000 mask 7FFE000000 uncachable
[    0.000000]   3 base 0079800000 mask 7FFF800000 uncachable
[    0.000000]   4 disabled
[    0.000000]   5 disabled
[    0.000000]   6 disabled
[    0.000000]   7 disabled
[    0.000000]   8 disabled
[    0.000000]   9 disabled
[    0.000000] x86/PAT: Configuration [0-7]: WB  WC  UC- UC  WB  WP  UC- WT  
[    0.000000] e820: last_pfn = 0x77fff max_arch_pfn = 0x400000000
[    0.000000] esrt: Reserving ESRT space from 0x0000000076ffc598 to 0x0000000076ffc5d0.
[    0.000000] Scanning 1 areas for low memory corruption
[    0.000000] Using GB pages for direct mapping
[    0.000000] RAMDISK: [mem 0x3d610000-0x3fffdfff]
[    0.000000] ACPI: Early table checksum verification disabled
[    0.000000] ACPI: RSDP 0x0000000077FD4000 000024 (v02 DELL  )
[    0.000000] ACPI: XSDT 0x0000000077FD40B8 0000F4 (v01 DELL   CBX3     01072009 AMI  00010013)
[    0.000000] ACPI: FACP 0x0000000077FF1C90 00010C (v05 DELL   CBX3     01072009 AMI  00010013)
[    0.000000] ACPI: DSDT 0x0000000077FD4240 01DA4C (v02 DELL   CBX3     01072009 INTL 20120913)
[    0.000000] ACPI: FACS 0x0000000077F97F80 000040
[    0.000000] ACPI: APIC 0x0000000077FF1DA0 000084 (v03 DELL   CBX3     01072009 AMI  00010013)
[    0.000000] ACPI: FPDT 0x0000000077FF1E28 000044 (v01 DELL   CBX3     01072009 AMI  00010013)
[    0.000000] ACPI: FIDT 0x0000000077FF1E70 00009C (v01 DELL   CBX3     01072009 AMI  00010013)
[    0.000000] ACPI: MCFG 0x0000000077FF1F10 00003C (v01 DELL   CBX3     01072009 MSFT 00000097)
[    0.000000] ACPI: HPET 0x0000000077FF1F50 000038 (v01 DELL   CBX3     01072009 AMI. 0005000B)
[    0.000000] ACPI: SSDT 0x0000000077FF1F88 000315 (v01 SataRe SataTabl 00001000 INTL 20120913)
[    0.000000] ACPI: LPIT 0x0000000077FF22A0 000094 (v01 INTEL  SKL-ULT  00000000 MSFT 0000005F)
[    0.000000] ACPI: SSDT 0x0000000077FF2338 000248 (v02 INTEL  sensrhub 00000000 INTL 20120913)
[    0.000000] ACPI: SSDT 0x0000000077FF2580 002BAE (v02 INTEL  PtidDevc 00001000 INTL 20120913)
[    0.000000] ACPI: SSDT 0x0000000077FF5130 000C45 (v02 INTEL  Ther_Rvp 00001000 INTL 20120913)
[    0.000000] ACPI: DBGP 0x0000000077FF5D78 000034 (v01 INTEL           00000000 MSFT 0000005F)
[    0.000000] ACPI: DBG2 0x0000000077FF5DB0 000054 (v00 INTEL           00000000 MSFT 0000005F)
[    0.000000] ACPI: SSDT 0x0000000077FF5E08 000740 (v02 INTEL  xh_rvp07 00000000 INTL 20120913)
[    0.000000] ACPI: BOOT 0x0000000077FF6548 000028 (v01 DELL   CBX3     01072009 AMI  00010013)
[    0.000000] ACPI: SSDT 0x0000000077FF6570 003531 (v02 SaSsdt SaSsdt   00003000 INTL 20120913)
[    0.000000] ACPI: UEFI 0x0000000077FF9AA8 000042 (v01                 00000000      00000000)
[    0.000000] ACPI: SSDT 0x0000000077FF9AF0 000E58 (v02 CpuRef CpuSsdt  00003000 INTL 20120913)
[    0.000000] ACPI: MSDM 0x0000000077FFA948 000055 (v03 DELL   CBX3     06222004 AMI  00010013)
[    0.000000] ACPI: SLIC 0x0000000077FFA9A0 000176 (v03 DELL   CBX3     01072009 MSFT 00010013)
[    0.000000] ACPI: BGRT 0x0000000077FFAB18 000038 (v00                 01072009 AMI  00010013)
[    0.000000] ACPI: SSDT 0x0000000077FFAB50 000527 (v02 SgRef  SgPch    00001000 INTL 20120913)
[    0.000000] ACPI: DMAR 0x0000000077FFB078 0000F0 (v01 INTEL  SKL      00000001 INTL 00000001)
[    0.000000] ACPI: TPM2 0x0000000077FFB168 000034 (v03        Tpm2Tabl 00000001 AMI  00000000)
[    0.000000] ACPI: SSDT 0x0000000077FFB1A0 000DC8 (v01 AmdRef AmdTabl  00001000 INTL 20120913)
[    0.000000] ACPI: ASF! 0x0000000077FFBF68 0000A5 (v32 INTEL   HCG     00000001 TFSM 000F4240)
[    0.000000] ACPI: Reserving FACP table memory at [mem 0x77ff1c90-0x77ff1d9b]
[    0.000000] ACPI: Reserving DSDT table memory at [mem 0x77fd4240-0x77ff1c8b]
[    0.000000] ACPI: Reserving FACS table memory at [mem 0x77f97f80-0x77f97fbf]
[    0.000000] ACPI: Reserving APIC table memory at [mem 0x77ff1da0-0x77ff1e23]
[    0.000000] ACPI: Reserving FPDT table memory at [mem 0x77ff1e28-0x77ff1e6b]
[    0.000000] ACPI: Reserving FIDT table memory at [mem 0x77ff1e70-0x77ff1f0b]
[    0.000000] ACPI: Reserving MCFG table memory at [mem 0x77ff1f10-0x77ff1f4b]
[    0.000000] ACPI: Reserving HPET table memory at [mem 0x77ff1f50-0x77ff1f87]
[    0.000000] ACPI: Reserving SSDT table memory at [mem 0x77ff1f88-0x77ff229c]
[    0.000000] ACPI: Reserving LPIT table memory at [mem 0x77ff22a0-0x77ff2333]
[    0.000000] ACPI: Reserving SSDT table memory at [mem 0x77ff2338-0x77ff257f]
[    0.000000] ACPI: Reserving SSDT table memory at [mem 0x77ff2580-0x77ff512d]
[    0.000000] ACPI: Reserving SSDT table memory at [mem 0x77ff5130-0x77ff5d74]
[    0.000000] ACPI: Reserving DBGP table memory at [mem 0x77ff5d78-0x77ff5dab]
[    0.000000] ACPI: Reserving DBG2 table memory at [mem 0x77ff5db0-0x77ff5e03]
[    0.000000] ACPI: Reserving SSDT table memory at [mem 0x77ff5e08-0x77ff6547]
[    0.000000] ACPI: Reserving BOOT table memory at [mem 0x77ff6548-0x77ff656f]
[    0.000000] ACPI: Reserving SSDT table memory at [mem 0x77ff6570-0x77ff9aa0]
[    0.000000] ACPI: Reserving UEFI table memory at [mem 0x77ff9aa8-0x77ff9ae9]
[    0.000000] ACPI: Reserving SSDT table memory at [mem 0x77ff9af0-0x77ffa947]
[    0.000000] ACPI: Reserving MSDM table memory at [mem 0x77ffa948-0x77ffa99c]
[    0.000000] ACPI: Reserving SLIC table memory at [mem 0x77ffa9a0-0x77ffab15]
[    0.000000] ACPI: Reserving BGRT table memory at [mem 0x77ffab18-0x77ffab4f]
[    0.000000] ACPI: Reserving SSDT table memory at [mem 0x77ffab50-0x77ffb076]
[    0.000000] ACPI: Reserving DMAR table memory at [mem 0x77ffb078-0x77ffb167]
[    0.000000] ACPI: Reserving TPM2 table memory at [mem 0x77ffb168-0x77ffb19b]
[    0.000000] ACPI: Reserving SSDT table memory at [mem 0x77ffb1a0-0x77ffbf67]
[    0.000000] ACPI: Reserving ASF! table memory at [mem 0x77ffbf68-0x77ffc00c]
[    0.000000] ACPI: Local APIC address 0xfee00000
[    0.000000] No NUMA configuration found
[    0.000000] Faking a node at [mem 0x0000000000000000-0x0000000182ffffff]
[    0.000000] NODE_DATA(0) allocated [mem 0x182fd5000-0x182ffffff]
[    0.000000] Zone ranges:
[    0.000000]   DMA      [mem 0x0000000000001000-0x0000000000ffffff]
[    0.000000]   DMA32    [mem 0x0000000001000000-0x00000000ffffffff]
[    0.000000]   Normal   [mem 0x0000000100000000-0x0000000182ffffff]
[    0.000000]   Device   empty
[    0.000000] Movable zone start for each node
[    0.000000] Early memory node ranges
[    0.000000]   node   0: [mem 0x0000000000001000-0x0000000000057fff]
[    0.000000]   node   0: [mem 0x0000000000059000-0x000000000009cfff]
[    0.000000]   node   0: [mem 0x0000000000100000-0x000000006a3d0fff]
[    0.000000]   node   0: [mem 0x000000006a3fc000-0x000000006a45dfff]
[    0.000000]   node   0: [mem 0x000000006ac0e000-0x0000000076c24fff]
[    0.000000]   node   0: [mem 0x0000000077ffe000-0x0000000077ffefff]
[    0.000000]   node   0: [mem 0x0000000100000000-0x0000000182ffffff]
[    0.000000] Reserved but unavailable: 158 pages
[    0.000000] Initmem setup node 0 [mem 0x0000000000001000-0x0000000182ffffff]
[    0.000000] On node 0 totalpages: 1020902
[    0.000000]   DMA zone: 64 pages used for memmap
[    0.000000]   DMA zone: 21 pages reserved
[    0.000000]   DMA zone: 3995 pages, LIFO batch:0
[    0.000000]   DMA32 zone: 7506 pages used for memmap
[    0.000000]   DMA32 zone: 480331 pages, LIFO batch:31
[    0.000000]   Normal zone: 8384 pages used for memmap
[    0.000000]   Normal zone: 536576 pages, LIFO batch:31
[    0.000000] Reserving Intel graphics memory at 0x000000007a000000-0x000000007bffffff
[    0.000000] ACPI: PM-Timer IO Port: 0x1808
[    0.000000] ACPI: Local APIC address 0xfee00000
[    0.000000] ACPI: LAPIC_NMI (acpi_id[0x01] high edge lint[0x1])
[    0.000000] ACPI: LAPIC_NMI (acpi_id[0x02] high edge lint[0x1])
[    0.000000] ACPI: LAPIC_NMI (acpi_id[0x03] high edge lint[0x1])
[    0.000000] ACPI: LAPIC_NMI (acpi_id[0x04] high edge lint[0x1])
[    0.000000] IOAPIC[0]: apic_id 2, version 32, address 0xfec00000, GSI 0-119
[    0.000000] ACPI: INT_SRC_OVR (bus 0 bus_irq 0 global_irq 2 dfl dfl)
[    0.000000] ACPI: INT_SRC_OVR (bus 0 bus_irq 9 global_irq 9 high level)
[    0.000000] ACPI: IRQ0 used by override.
[    0.000000] ACPI: IRQ9 used by override.
[    0.000000] Using ACPI (MADT) for SMP configuration information
[    0.000000] ACPI: HPET id: 0x8086a701 base: 0xfed00000
[    0.000000] e820: update [mem 0x752bb000-0x752fffff] usable ==> reserved
[    0.000000] TSC deadline timer available
[    0.000000] smpboot: Allowing 4 CPUs, 0 hotplug CPUs
[    0.000000] PM: Registered nosave memory: [mem 0x00000000-0x00000fff]
[    0.000000] PM: Registered nosave memory: [mem 0x00058000-0x00058fff]
[    0.000000] PM: Registered nosave memory: [mem 0x0009d000-0x0009ffff]
[    0.000000] PM: Registered nosave memory: [mem 0x000a0000-0x000fffff]
[    0.000000] PM: Registered nosave memory: [mem 0x68292000-0x68292fff]
[    0.000000] PM: Registered nosave memory: [mem 0x6829e000-0x6829efff]
[    0.000000] PM: Registered nosave memory: [mem 0x6829f000-0x6829ffff]
[    0.000000] PM: Registered nosave memory: [mem 0x682a7000-0x682a7fff]
[    0.000000] PM: Registered nosave memory: [mem 0x682a8000-0x682a8fff]
[    0.000000] PM: Registered nosave memory: [mem 0x682b8000-0x682b8fff]
[    0.000000] PM: Registered nosave memory: [mem 0x6a3d1000-0x6a3d1fff]
[    0.000000] PM: Registered nosave memory: [mem 0x6a3d2000-0x6a3fbfff]
[    0.000000] PM: Registered nosave memory: [mem 0x6a45e000-0x6ac0dfff]
[    0.000000] PM: Registered nosave memory: [mem 0x752bb000-0x752fffff]
[    0.000000] PM: Registered nosave memory: [mem 0x76c25000-0x7763cfff]
[    0.000000] PM: Registered nosave memory: [mem 0x7763d000-0x77f98fff]
[    0.000000] PM: Registered nosave memory: [mem 0x77f99000-0x77ffdfff]
[    0.000000] PM: Registered nosave memory: [mem 0x77fff000-0x77ffffff]
[    0.000000] PM: Registered nosave memory: [mem 0x78000000-0x780fffff]
[    0.000000] PM: Registered nosave memory: [mem 0x78100000-0x79ffffff]
[    0.000000] PM: Registered nosave memory: [mem 0x7a000000-0x7bffffff]
[    0.000000] PM: Registered nosave memory: [mem 0x7c000000-0xdfffffff]
[    0.000000] PM: Registered nosave memory: [mem 0xe0000000-0xefffffff]
[    0.000000] PM: Registered nosave memory: [mem 0xf0000000-0xfdffffff]
[    0.000000] PM: Registered nosave memory: [mem 0xfe000000-0xfe010fff]
[    0.000000] PM: Registered nosave memory: [mem 0xfe011000-0xfebfffff]
[    0.000000] PM: Registered nosave memory: [mem 0xfec00000-0xfec00fff]
[    0.000000] PM: Registered nosave memory: [mem 0xfec01000-0xfedfffff]
[    0.000000] PM: Registered nosave memory: [mem 0xfee00000-0xfee00fff]
[    0.000000] PM: Registered nosave memory: [mem 0xfee01000-0xfeffffff]
[    0.000000] PM: Registered nosave memory: [mem 0xff000000-0xffffffff]
[    0.000000] e820: [mem 0x7c000000-0xdfffffff] available for PCI devices
[    0.000000] Booting paravirtualized kernel on bare hardware
[    0.000000] clocksource: refined-jiffies: mask: 0xffffffff max_cycles: 0xffffffff, max_idle_ns: 7645519600211568 ns
[    0.000000] random: get_random_bytes called from start_kernel+0x99/0x500 with crng_init=0
[    0.000000] setup_percpu: NR_CPUS:8192 nr_cpumask_bits:4 nr_cpu_ids:4 nr_node_ids:1
[    0.000000] percpu: Embedded 45 pages/cpu s147456 r8192 d28672 u524288
[    0.000000] pcpu-alloc: s147456 r8192 d28672 u524288 alloc=1*2097152
[    0.000000] pcpu-alloc: [0] 0 1 2 3 
[    0.000000] Built 1 zonelists, mobility grouping on.  Total pages: 1004927
[    0.000000] Policy zone: Normal
[    0.000000] Kernel command line: BOOT_IMAGE=/boot/vmlinuz-4.15.0-162-generic root=UUID=7b053b03-ede8-4488-b39c-dbfe4a59c275 ro quiet splash vt.handoff=1
[    0.000000] Calgary: detecting Calgary via BIOS EBDA area
[    0.000000] Calgary: Unable to locate Rio Grande table in EBDA - bailing!
[    0.000000] Memory: 3652656K/4083608K available (12300K kernel code, 2483K rwdata, 4320K rodata, 2448K init, 2724K bss, 430952K reserved, 0K cma-reserved)
[    0.000000] SLUB: HWalign=64, Order=0-3, MinObjects=0, CPUs=4, Nodes=1
[    0.000000] Kernel/User page tables isolation: enabled
[    0.000000] ftrace: allocating 39475 entries in 155 pages
[    0.000000] Hierarchical RCU implementation.
[    0.000000] 	RCU restricting CPUs from NR_CPUS=8192 to nr_cpu_ids=4.
[    0.000000] 	Tasks RCU enabled.
[    0.000000] RCU: Adjusting geometry for rcu_fanout_leaf=16, nr_cpu_ids=4
[    0.000000] NR_IRQS: 524544, nr_irqs: 1024, preallocated irqs: 16
[    0.000000] vt handoff: transparent VT on vt#1
[    0.000000] Console: colour dummy device 80x25
[    0.000000] console [tty0] enabled
[    0.000000] ACPI: Core revision 20170831
[    0.000000] ACPI: 10 ACPI AML tables successfully acquired and loaded
[    0.000000] clocksource: hpet: mask: 0xffffffff max_cycles: 0xffffffff, max_idle_ns: 79635855245 ns
[    0.000000] hpet clockevent registered
[    0.004000] APIC: Switch to symmetric I/O mode setup
[    0.004000] DMAR: Host address width 39
[    0.004000] DMAR: DRHD base: 0x000000fed90000 flags: 0x0
[    0.004000] DMAR: dmar0: reg_base_addr fed90000 ver 1:0 cap 1c0000c40660462 ecap 7e3ff0505e
[    0.004000] DMAR: DRHD base: 0x000000fed91000 flags: 0x1
[    0.004000] DMAR: dmar1: reg_base_addr fed91000 ver 1:0 cap d2008c40660462 ecap f050da
[    0.004000] DMAR: RMRR base: 0x0000007759f000 end: 0x000000775befff
[    0.004000] DMAR: RMRR base: 0x00000079800000 end: 0x0000007bffffff
[    0.004000] DMAR: ANDD device: 1 name: \_SB.PCI0.I2C0
[    0.004000] DMAR: ANDD device: 2 name: \_SB.PCI0.I2C1
[    0.004000] DMAR-IR: IOAPIC id 2 under DRHD base  0xfed91000 IOMMU 1
[    0.004000] DMAR-IR: HPET id 0 under DRHD base 0xfed91000
[    0.004000] DMAR-IR: x2apic is disabled because BIOS sets x2apic opt out bit.
[    0.004000] DMAR-IR: Use 'intremap=no_x2apic_optout' to override the BIOS setting.
[    0.004000] DMAR-IR: Enabled IRQ remapping in xapic mode
[    0.004000] x2apic: IRQ remapping doesn't support X2APIC mode
[    0.004000] ..TIMER: vector=0x30 apic1=0 pin1=2 apic2=-1 pin2=-1
[    0.024000] tsc: Detected 2300.000 MHz processor
[    0.024000] tsc: Detected 2299.968 MHz TSC
[    0.024000] Calibrating delay loop (skipped), value calculated using timer frequency.. 4599.93 BogoMIPS (lpj=9199872)
[    0.024000] pid_max: default: 32768 minimum: 301
[    0.024000] Security Framework initialized
[    0.024000] Yama: becoming mindful.
[    0.024000] AppArmor: AppArmor initialized
[    0.024000] Dentry cache hash table entries: 524288 (order: 10, 4194304 bytes)
[    0.024000] Inode-cache hash table entries: 262144 (order: 9, 2097152 bytes)
[    0.024000] Mount-cache hash table entries: 8192 (order: 4, 65536 bytes)
[    0.024000] Mountpoint-cache hash table entries: 8192 (order: 4, 65536 bytes)
[    0.024000] ENERGY_PERF_BIAS: Set to 'normal', was 'performance'
[    0.024000] ENERGY_PERF_BIAS: View and update with x86_energy_perf_policy(8)
[    0.024000] CPU0: Thermal monitoring enabled (TM1)
[    0.024000] process: using mwait in idle threads
[    0.024000] Last level iTLB entries: 4KB 64, 2MB 8, 4MB 8
[    0.024000] Last level dTLB entries: 4KB 64, 2MB 0, 4MB 0, 1GB 4
[    0.024000] Spectre V1 : Mitigation: usercopy/swapgs barriers and __user pointer sanitization
[    0.024000] Spectre V2 : Mitigation: Full generic retpoline
[    0.024000] Spectre V2 : Spectre v2 / SpectreRSB mitigation: Filling RSB on context switch
[    0.024000] Spectre V2 : Enabling Restricted Speculation for firmware calls
[    0.024000] Spectre V2 : mitigation: Enabling conditional Indirect Branch Prediction Barrier
[    0.024000] Spectre V2 : User space: Mitigation: STIBP via seccomp and prctl
[    0.024000] Speculative Store Bypass: Mitigation: Speculative Store Bypass disabled via prctl and seccomp
[    0.024000] TAA: Mitigation: Clear CPU buffers
[    0.024000] SRBDS: Mitigation: Microcode
[    0.024000] MDS: Mitigation: Clear CPU buffers
[    0.039069] Freeing SMP alternatives memory: 36K
[    0.047405] smpboot: CPU0: Intel(R) Core(TM) i3-6100U CPU @ 2.30GHz (family: 0x6, model: 0x4e, stepping: 0x3)
[    0.047468] Performance Events: PEBS fmt3+, Skylake events, 32-deep LBR, full-width counters, Intel PMU driver.
[    0.047501] ... version:                4
[    0.047501] ... bit width:              48
[    0.047502] ... generic registers:      4
[    0.047502] ... value mask:             0000ffffffffffff
[    0.047503] ... max period:             00007fffffffffff
[    0.047503] ... fixed-purpose events:   3
[    0.047504] ... event mask:             000000070000000f
[    0.047545] Hierarchical SRCU implementation.
[    0.048000] NMI watchdog: Enabled. Permanently consumes one hw-PMU counter.
[    0.048000] smp: Bringing up secondary CPUs ...
[    0.048000] x86: Booting SMP configuration:
[    0.048000] .... node  #0, CPUs:      #1 #2
[    0.048492] MDS CPU bug present and SMT on, data leak possible. See https://www.kernel.org/doc/html/latest/admin-guide/hw-vuln/mds.html for more details.
[    0.048492] TAA CPU bug present and SMT on, data leak possible. See https://www.kernel.org/doc/html/latest/admin-guide/hw-vuln/tsx_async_abort.html for more details.
[    0.048492]  #3
[    0.048715] smp: Brought up 1 node, 4 CPUs
[    0.048715] smpboot: Max logical packages: 1
[    0.048715] smpboot: Total of 4 processors activated (18399.74 BogoMIPS)
[    0.052198] devtmpfs: initialized
[    0.052198] x86/mm: Memory block size: 128MB
[    0.052395] evm: security.selinux
[    0.052396] evm: security.SMACK64
[    0.052396] evm: security.SMACK64EXEC
[    0.052397] evm: security.SMACK64TRANSMUTE
[    0.052397] evm: security.SMACK64MMAP
[    0.052397] evm: security.apparmor
[    0.052398] evm: security.ima
[    0.052398] evm: security.capability
[    0.052409] PM: Registering ACPI NVS region [mem 0x6a3d1000-0x6a3d1fff] (4096 bytes)
[    0.052409] PM: Registering ACPI NVS region [mem 0x7763d000-0x77f98fff] (9814016 bytes)
[    0.052409] clocksource: jiffies: mask: 0xffffffff max_cycles: 0xffffffff, max_idle_ns: 7645041785100000 ns
[    0.052409] futex hash table entries: 1024 (order: 4, 65536 bytes)
[    0.052409] pinctrl core: initialized pinctrl subsystem
[    0.052409] RTC time: 15:00:56, date: 11/13/21
[    0.053699] NET: Registered protocol family 16
[    0.053781] audit: initializing netlink subsys (disabled)
[    0.053787] audit: type=2000 audit(1636815655.052:1): state=initialized audit_enabled=0 res=1
[    0.053787] cpuidle: using governor ladder
[    0.053787] cpuidle: using governor menu
[    0.053787] Simple Boot Flag at 0x47 set to 0x80
[    0.053787] ACPI FADT declares the system doesn't support PCIe ASPM, so disable it
[    0.053787] ACPI: bus type PCI registered
[    0.053787] acpiphp: ACPI Hot Plug PCI Controller Driver version: 0.5
[    0.053787] PCI: MMCONFIG for domain 0000 [bus 00-ff] at [mem 0xe0000000-0xefffffff] (base 0xe0000000)
[    0.053787] PCI: MMCONFIG at [mem 0xe0000000-0xefffffff] reserved in E820
[    0.053787] PCI: Using configuration type 1 for base access
[    0.056204] HugeTLB registered 1.00 GiB page size, pre-allocated 0 pages
[    0.056204] HugeTLB registered 2.00 MiB page size, pre-allocated 0 pages
[    0.056204] ACPI: Added _OSI(Module Device)
[    0.056204] ACPI: Added _OSI(Processor Device)
[    0.056204] ACPI: Added _OSI(3.0 _SCP Extensions)
[    0.056204] ACPI: Added _OSI(Processor Aggregator Device)
[    0.056204] ACPI: Added _OSI(Linux-Dell-Video)
[    0.056204] ACPI: Added _OSI(Linux-Lenovo-NV-HDMI-Audio)
[    0.056204] ACPI: Added _OSI(Linux-HPI-Hybrid-Graphics)
[    0.057000] ACPI: Executed 21 blocks of module-level executable AML code
[    0.070447] ACPI: [Firmware Bug]: BIOS _OSI(Linux) query ignored
[    0.080402] ACPI: Dynamic OEM Table Load:
[    0.080409] ACPI: SSDT 0xFFFF9135BD289000 0005FD (v02 PmRef  Cpu0Ist  00003000 INTL 20120913)
[    0.080906] ACPI: \_PR_.CPU0: _OSC native thermal LVT Acked
[    0.082568] ACPI: Dynamic OEM Table Load:
[    0.082573] ACPI: SSDT 0xFFFF9135BD359400 00037F (v02 PmRef  Cpu0Cst  00003001 INTL 20120913)
[    0.083788] ACPI: Dynamic OEM Table Load:
[    0.083794] ACPI: SSDT 0xFFFF9135BD28A000 0005AA (v02 PmRef  ApIst    00003000 INTL 20120913)
[    0.084662] ACPI: Dynamic OEM Table Load:
[    0.084667] ACPI: SSDT 0xFFFF9135BD2D0C00 000119 (v02 PmRef  ApCst    00003000 INTL 20120913)
[    0.087539] ACPI: EC: EC started
[    0.087539] ACPI: EC: interrupt blocked
[    0.090035] ACPI: \_SB_.PCI0.LPCB.ECDV: Used as first EC
[    0.090037] ACPI: \_SB_.PCI0.LPCB.ECDV: GPE=0x45, EC_CMD/EC_SC=0x934, EC_DATA=0x930
[    0.090038] ACPI: \_SB_.PCI0.LPCB.ECDV: Used as boot DSDT EC to handle transactions
[    0.090038] ACPI: Interpreter enabled
[    0.090083] ACPI: (supports S0 S3 S4 S5)
[    0.090084] ACPI: Using IOAPIC for interrupt routing
[    0.090126] PCI: Using host bridge windows from ACPI; if necessary, use "pci=nocrs" and report a bug
[    0.090992] ACPI: Enabled 8 GPEs in block 00 to 7F
[    0.092993] ACPI: Power Resource [PG00] (on)
[    0.093443] ACPI: Power Resource [PG01] (on)
[    0.093874] ACPI: Power Resource [PG02] (on)
[    0.095863] ACPI: Power Resource [WRST] (off)
[    0.096311] ACPI: Power Resource [WRST] (off)
[    0.096753] ACPI: Power Resource [WRST] (off)
[    0.097193] ACPI: Power Resource [WRST] (off)
[    0.097635] ACPI: Power Resource [WRST] (off)
[    0.097701] ACPI: Power Resource [PC09] (on)
[    0.099056] ACPI: Power Resource [WRST] (off)
[    0.099498] ACPI: Power Resource [WRST] (off)
[    0.099942] ACPI: Power Resource [WRST] (off)
[    0.100680] ACPI: Power Resource [WRST] (off)
[    0.101142] ACPI: Power Resource [WRST] (off)
[    0.101584] ACPI: Power Resource [WRST] (off)
[    0.102024] ACPI: Power Resource [WRST] (off)
[    0.102464] ACPI: Power Resource [WRST] (off)
[    0.102907] ACPI: Power Resource [WRST] (off)
[    0.103348] ACPI: Power Resource [WRST] (off)
[    0.103786] ACPI: Power Resource [WRST] (off)
[    0.104231] ACPI: Power Resource [WRST] (off)
[    0.104672] ACPI: Power Resource [WRST] (off)
[    0.105112] ACPI: Power Resource [WRST] (off)
[    0.122050] ACPI: Power Resource [FN00] (off)
[    0.122142] ACPI: Power Resource [FN01] (off)
[    0.122227] ACPI: Power Resource [FN02] (off)
[    0.122313] ACPI: Power Resource [FN03] (off)
[    0.122397] ACPI: Power Resource [FN04] (off)
[    0.123853] ACPI: PCI Root Bridge [PCI0] (domain 0000 [bus 00-fe])
[    0.123859] acpi PNP0A08:00: _OSC: OS supports [ExtendedConfig ASPM ClockPM Segments MSI]
[    0.123910] acpi PNP0A08:00: _OSC failed (AE_ERROR); disabling ASPM
[    0.124690] PCI host bridge to bus 0000:00
[    0.124693] pci_bus 0000:00: root bus resource [io  0x0000-0x0cf7 window]
[    0.124694] pci_bus 0000:00: root bus resource [io  0x0d00-0xffff window]
[    0.124695] pci_bus 0000:00: root bus resource [mem 0x000a0000-0x000bffff window]
[    0.124696] pci_bus 0000:00: root bus resource [mem 0x000c0000-0x000c3fff window]
[    0.124697] pci_bus 0000:00: root bus resource [mem 0x000c4000-0x000c7fff window]
[    0.124698] pci_bus 0000:00: root bus resource [mem 0x000c8000-0x000cbfff window]
[    0.124699] pci_bus 0000:00: root bus resource [mem 0x000cc000-0x000cffff window]
[    0.124700] pci_bus 0000:00: root bus resource [mem 0x000d0000-0x000d3fff window]
[    0.124701] pci_bus 0000:00: root bus resource [mem 0x000d4000-0x000d7fff window]
[    0.124702] pci_bus 0000:00: root bus resource [mem 0x000d8000-0x000dbfff window]
[    0.124703] pci_bus 0000:00: root bus resource [mem 0x000dc000-0x000dffff window]
[    0.124704] pci_bus 0000:00: root bus resource [mem 0x000e4000-0x000e7fff window]
[    0.124704] pci_bus 0000:00: root bus resource [mem 0x000e8000-0x000ebfff window]
[    0.124705] pci_bus 0000:00: root bus resource [mem 0x000ec000-0x000effff window]
[    0.124706] pci_bus 0000:00: root bus resource [mem 0x7c000000-0xdfffffff window]
[    0.124707] pci_bus 0000:00: root bus resource [mem 0xfd000000-0xfe7fffff window]
[    0.124709] pci_bus 0000:00: root bus resource [bus 00-fe]
[    0.124717] pci 0000:00:00.0: [8086:1904] type 00 class 0x060000
[    0.124864] pci 0000:00:02.0: [8086:1916] type 00 class 0x030000
[    0.124875] pci 0000:00:02.0: reg 0x10: [mem 0xde000000-0xdeffffff 64bit]
[    0.124881] pci 0000:00:02.0: reg 0x18: [mem 0xb0000000-0xbfffffff 64bit pref]
[    0.124885] pci 0000:00:02.0: reg 0x20: [io  0xf000-0xf03f]
[    0.124902] pci 0000:00:02.0: BAR 2: assigned to efifb
[    0.125108] pci 0000:00:14.0: [8086:9d2f] type 00 class 0x0c0330
[    0.125132] pci 0000:00:14.0: reg 0x10: [mem 0xdf310000-0xdf31ffff 64bit]
[    0.125206] pci 0000:00:14.0: PME# supported from D3hot D3cold
[    0.125374] pci 0000:00:14.2: [8086:9d31] type 00 class 0x118000
[    0.125397] pci 0000:00:14.2: reg 0x10: [mem 0xdf330000-0xdf330fff 64bit]
[    0.125670] pci 0000:00:15.0: [8086:9d60] type 00 class 0x118000
[    0.125934] pci 0000:00:15.0: reg 0x10: [mem 0xdf32f000-0xdf32ffff 64bit]
[    0.126929] pci 0000:00:15.1: [8086:9d61] type 00 class 0x118000
[    0.127193] pci 0000:00:15.1: reg 0x10: [mem 0xdf32e000-0xdf32efff 64bit]
[    0.128128] pci 0000:00:16.0: [8086:9d3a] type 00 class 0x078000
[    0.128157] pci 0000:00:16.0: reg 0x10: [mem 0xdf32d000-0xdf32dfff 64bit]
[    0.128237] pci 0000:00:16.0: PME# supported from D3hot
[    0.128408] pci 0000:00:17.0: [8086:9d03] type 00 class 0x010601
[    0.128428] pci 0000:00:17.0: reg 0x10: [mem 0xdf328000-0xdf329fff]
[    0.128436] pci 0000:00:17.0: reg 0x14: [mem 0xdf32c000-0xdf32c0ff]
[    0.128444] pci 0000:00:17.0: reg 0x18: [io  0xf090-0xf097]
[    0.128452] pci 0000:00:17.0: reg 0x1c: [io  0xf080-0xf083]
[    0.128460] pci 0000:00:17.0: reg 0x20: [io  0xf060-0xf07f]
[    0.128468] pci 0000:00:17.0: reg 0x24: [mem 0xdf32b000-0xdf32b7ff]
[    0.128514] pci 0000:00:17.0: PME# supported from D3hot
[    0.128689] pci 0000:00:1c.0: [8086:9d10] type 01 class 0x060400
[    0.128772] pci 0000:00:1c.0: PME# supported from D0 D3hot D3cold
[    0.128988] pci 0000:00:1c.4: [8086:9d14] type 01 class 0x060400
[    0.129071] pci 0000:00:1c.4: PME# supported from D0 D3hot D3cold
[    0.129274] pci 0000:00:1c.5: [8086:9d15] type 01 class 0x060400
[    0.129357] pci 0000:00:1c.5: PME# supported from D0 D3hot D3cold
[    0.129571] pci 0000:00:1f.0: [8086:9d48] type 00 class 0x060100
[    0.129837] pci 0000:00:1f.2: [8086:9d21] type 00 class 0x058000
[    0.129852] pci 0000:00:1f.2: reg 0x10: [mem 0xdf324000-0xdf327fff]
[    0.130048] pci 0000:00:1f.3: [8086:9d70] type 00 class 0x040300
[    0.130076] pci 0000:00:1f.3: reg 0x10: [mem 0xdf320000-0xdf323fff 64bit]
[    0.130103] pci 0000:00:1f.3: reg 0x20: [mem 0xdf300000-0xdf30ffff 64bit]
[    0.130155] pci 0000:00:1f.3: PME# supported from D3hot D3cold
[    0.130390] pci 0000:00:1f.4: [8086:9d23] type 00 class 0x0c0500
[    0.130450] pci 0000:00:1f.4: reg 0x10: [mem 0xdf32a000-0xdf32a0ff 64bit]
[    0.130519] pci 0000:00:1f.4: reg 0x20: [io  0xf040-0xf05f]
[    0.130801] pci 0000:01:00.0: [1002:6660] type 00 class 0x038000
[    0.130827] pci 0000:01:00.0: reg 0x10: [mem 0xc0000000-0xcfffffff 64bit pref]
[    0.130839] pci 0000:01:00.0: reg 0x18: [mem 0xdf200000-0xdf23ffff 64bit]
[    0.130848] pci 0000:01:00.0: reg 0x20: [io  0xe000-0xe0ff]
[    0.130863] pci 0000:01:00.0: reg 0x30: [mem 0xdf240000-0xdf25ffff pref]
[    0.130870] pci 0000:01:00.0: Max Payload Size set to 256 (was 128, max 256)
[    0.130873] pci 0000:01:00.0: enabling Extended Tags
[    0.130930] pci 0000:01:00.0: supports D1 D2
[    0.130931] pci 0000:01:00.0: PME# supported from D1 D2 D3hot
[    0.140021] pci 0000:00:1c.0: PCI bridge to [bus 01]
[    0.140024] pci 0000:00:1c.0:   bridge window [io  0xe000-0xefff]
[    0.140027] pci 0000:00:1c.0:   bridge window [mem 0xdf200000-0xdf2fffff]
[    0.140031] pci 0000:00:1c.0:   bridge window [mem 0xc0000000-0xcfffffff 64bit pref]
[    0.140279] pci 0000:02:00.0: [8086:08b3] type 00 class 0x028000
[    0.140382] pci 0000:02:00.0: reg 0x10: [mem 0xdf100000-0xdf101fff 64bit]
[    0.140655] pci 0000:02:00.0: PME# supported from D0 D3hot D3cold
[    0.152168] pci 0000:00:1c.4: PCI bridge to [bus 02]
[    0.152173] pci 0000:00:1c.4:   bridge window [mem 0xdf100000-0xdf1fffff]
[    0.152284] pci 0000:03:00.0: [10ec:8136] type 00 class 0x020000
[    0.152316] pci 0000:03:00.0: reg 0x10: [io  0xd000-0xd0ff]
[    0.152342] pci 0000:03:00.0: reg 0x18: [mem 0xdf000000-0xdf000fff 64bit]
[    0.152361] pci 0000:03:00.0: reg 0x20: [mem 0xd0000000-0xd0003fff 64bit pref]
[    0.152475] pci 0000:03:00.0: supports D1 D2
[    0.152476] pci 0000:03:00.0: PME# supported from D0 D1 D2 D3hot D3cold
[    0.164027] pci 0000:00:1c.5: PCI bridge to [bus 03]
[    0.164030] pci 0000:00:1c.5:   bridge window [io  0xd000-0xdfff]
[    0.164032] pci 0000:00:1c.5:   bridge window [mem 0xdf000000-0xdf0fffff]
[    0.164037] pci 0000:00:1c.5:   bridge window [mem 0xd0000000-0xd00fffff 64bit pref]
[    0.166562] ACPI: PCI Interrupt Link [LNKA] (IRQs 3 4 5 6 10 *11 12 14 15)
[    0.166633] ACPI: PCI Interrupt Link [LNKB] (IRQs 3 4 5 6 *10 11 12 14 15)
[    0.166702] ACPI: PCI Interrupt Link [LNKC] (IRQs 3 4 5 6 10 *11 12 14 15)
[    0.166771] ACPI: PCI Interrupt Link [LNKD] (IRQs 3 4 5 6 10 *11 12 14 15)
[    0.166840] ACPI: PCI Interrupt Link [LNKE] (IRQs 3 4 5 6 10 *11 12 14 15)
[    0.166909] ACPI: PCI Interrupt Link [LNKF] (IRQs 3 4 5 6 10 *11 12 14 15)
[    0.166978] ACPI: PCI Interrupt Link [LNKG] (IRQs 3 4 5 6 10 *11 12 14 15)
[    0.167047] ACPI: PCI Interrupt Link [LNKH] (IRQs 3 4 5 6 10 *11 12 14 15)
[    0.169315] ACPI: EC: interrupt unblocked
[    0.169330] ACPI: EC: event unblocked
[    0.169354] ACPI: \_SB_.PCI0.LPCB.ECDV: GPE=0x45, EC_CMD/EC_SC=0x934, EC_DATA=0x930
[    0.169356] ACPI: \_SB_.PCI0.LPCB.ECDV: Used as boot DSDT EC to handle transactions and events
[    0.170030] SCSI subsystem initialized
[    0.170039] libata version 3.00 loaded.
[    0.170039] pci 0000:00:02.0: vgaarb: setting as boot VGA device
[    0.170039] pci 0000:00:02.0: vgaarb: VGA device added: decodes=io+mem,owns=io+mem,locks=none
[    0.170039] pci 0000:00:02.0: vgaarb: bridge control possible
[    0.170039] vgaarb: loaded
[    0.170039] ACPI: bus type USB registered
[    0.170039] usbcore: registered new interface driver usbfs
[    0.170039] usbcore: registered new interface driver hub
[    0.170039] usbcore: registered new device driver usb
[    0.170039] EDAC MC: Ver: 3.0.0
[    0.170039] Registered efivars operations
[    0.170039] PCI: Using ACPI for IRQ routing
[    0.195446] PCI: pci_cache_line_size set to 64 bytes
[    0.195834] e820: reserve RAM buffer [mem 0x00058000-0x0005ffff]
[    0.195836] e820: reserve RAM buffer [mem 0x0009d000-0x0009ffff]
[    0.195836] e820: reserve RAM buffer [mem 0x68292018-0x6bffffff]
[    0.195838] e820: reserve RAM buffer [mem 0x6829f018-0x6bffffff]
[    0.195840] e820: reserve RAM buffer [mem 0x682a8018-0x6bffffff]
[    0.195841] e820: reserve RAM buffer [mem 0x6a3d1000-0x6bffffff]
[    0.195842] e820: reserve RAM buffer [mem 0x6a45e000-0x6bffffff]
[    0.195843] e820: reserve RAM buffer [mem 0x752bb000-0x77ffffff]
[    0.195844] e820: reserve RAM buffer [mem 0x76c25000-0x77ffffff]
[    0.195845] e820: reserve RAM buffer [mem 0x77fff000-0x77ffffff]
[    0.195846] e820: reserve RAM buffer [mem 0x183000000-0x183ffffff]
[    0.195931] NetLabel: Initializing
[    0.195932] NetLabel:  domain hash size = 128
[    0.195932] NetLabel:  protocols = UNLABELED CIPSOv4 CALIPSO
[    0.195946] NetLabel:  unlabeled traffic allowed by default
[    0.196856] hpet0: at MMIO 0xfed00000, IRQs 2, 8, 0, 0, 0, 0, 0, 0
[    0.196859] hpet0: 8 comparators, 64-bit 24.000000 MHz counter
[    0.200001] clocksource: Switched to clocksource hpet
[    0.210175] VFS: Disk quotas dquot_6.6.0
[    0.210189] VFS: Dquot-cache hash table entries: 512 (order 0, 4096 bytes)
[    0.210280] AppArmor: AppArmor Filesystem Enabled
[    0.210308] pnp: PnP ACPI init
[    0.210619] system 00:00: [io  0x0680-0x069f] has been reserved
[    0.210621] system 00:00: [io  0xffff] has been reserved
[    0.210622] system 00:00: [io  0xffff] has been reserved
[    0.210623] system 00:00: [io  0xffff] has been reserved
[    0.210625] system 00:00: [io  0x1800-0x18fe] has been reserved
[    0.210626] system 00:00: [io  0x164e-0x164f] has been reserved
[    0.210631] system 00:00: Plug and Play ACPI device, IDs PNP0c02 (active)
[    0.210744] pnp 00:01: Plug and Play ACPI device, IDs PNP0b00 (active)
[    0.210790] system 00:02: [io  0x1854-0x1857] has been reserved
[    0.210793] system 00:02: Plug and Play ACPI device, IDs INT3f0d PNP0c02 (active)
[    0.210828] pnp 00:03: Plug and Play ACPI device, IDs PNP0303 (active)
[    0.210845] pnp 00:04: Plug and Play ACPI device, IDs DLLb6b2 PNP0f13 (active)
[    0.211138] system 00:05: [mem 0xfed10000-0xfed17fff] has been reserved
[    0.211139] system 00:05: [mem 0xfed18000-0xfed18fff] has been reserved
[    0.211141] system 00:05: [mem 0xfed19000-0xfed19fff] has been reserved
[    0.211142] system 00:05: [mem 0xe0000000-0xefffffff] has been reserved
[    0.211143] system 00:05: [mem 0xfed20000-0xfed3ffff] has been reserved
[    0.211144] system 00:05: [mem 0xfed90000-0xfed93fff] could not be reserved
[    0.211146] system 00:05: [mem 0xfed45000-0xfed8ffff] has been reserved
[    0.211147] system 00:05: [mem 0xff000000-0xffffffff] has been reserved
[    0.211148] system 00:05: [mem 0xfee00000-0xfeefffff] could not be reserved
[    0.211150] system 00:05: [mem 0xdffe0000-0xdfffffff] has been reserved
[    0.211153] system 00:05: Plug and Play ACPI device, IDs PNP0c02 (active)
[    0.211204] system 00:06: [mem 0xfd000000-0xfdabffff] has been reserved
[    0.211206] system 00:06: [mem 0xfdad0000-0xfdadffff] has been reserved
[    0.211208] system 00:06: [mem 0xfdb00000-0xfdffffff] has been reserved
[    0.211209] system 00:06: [mem 0xfe000000-0xfe01ffff] could not be reserved
[    0.211210] system 00:06: [mem 0xfe036000-0xfe03bfff] has been reserved
[    0.211211] system 00:06: [mem 0xfe03d000-0xfe3fffff] has been reserved
[    0.211213] system 00:06: [mem 0xfe410000-0xfe7fffff] has been reserved
[    0.211216] system 00:06: Plug and Play ACPI device, IDs PNP0c02 (active)
[    0.212670] system 00:07: [mem 0xfe029000-0xfe029fff] has been reserved
[    0.212672] system 00:07: [mem 0xfe028000-0xfe028fff] has been reserved
[    0.212675] system 00:07: Plug and Play ACPI device, IDs PNP0c02 (active)
[    0.216167] pnp: PnP ACPI: found 8 devices
[    0.223695] clocksource: acpi_pm: mask: 0xffffff max_cycles: 0xffffff, max_idle_ns: 2085701024 ns
[    0.223707] pci 0000:00:1c.0: PCI bridge to [bus 01]
[    0.223709] pci 0000:00:1c.0:   bridge window [io  0xe000-0xefff]
[    0.223713] pci 0000:00:1c.0:   bridge window [mem 0xdf200000-0xdf2fffff]
[    0.223716] pci 0000:00:1c.0:   bridge window [mem 0xc0000000-0xcfffffff 64bit pref]
[    0.223720] pci 0000:00:1c.4: PCI bridge to [bus 02]
[    0.223724] pci 0000:00:1c.4:   bridge window [mem 0xdf100000-0xdf1fffff]
[    0.223730] pci 0000:00:1c.5: PCI bridge to [bus 03]
[    0.223732] pci 0000:00:1c.5:   bridge window [io  0xd000-0xdfff]
[    0.223735] pci 0000:00:1c.5:   bridge window [mem 0xdf000000-0xdf0fffff]
[    0.223738] pci 0000:00:1c.5:   bridge window [mem 0xd0000000-0xd00fffff 64bit pref]
[    0.223743] pci_bus 0000:00: resource 4 [io  0x0000-0x0cf7 window]
[    0.223745] pci_bus 0000:00: resource 5 [io  0x0d00-0xffff window]
[    0.223746] pci_bus 0000:00: resource 6 [mem 0x000a0000-0x000bffff window]
[    0.223747] pci_bus 0000:00: resource 7 [mem 0x000c0000-0x000c3fff window]
[    0.223748] pci_bus 0000:00: resource 8 [mem 0x000c4000-0x000c7fff window]
[    0.223749] pci_bus 0000:00: resource 9 [mem 0x000c8000-0x000cbfff window]
[    0.223750] pci_bus 0000:00: resource 10 [mem 0x000cc000-0x000cffff window]
[    0.223751] pci_bus 0000:00: resource 11 [mem 0x000d0000-0x000d3fff window]
[    0.223752] pci_bus 0000:00: resource 12 [mem 0x000d4000-0x000d7fff window]
[    0.223753] pci_bus 0000:00: resource 13 [mem 0x000d8000-0x000dbfff window]
[    0.223754] pci_bus 0000:00: resource 14 [mem 0x000dc000-0x000dffff window]
[    0.223755] pci_bus 0000:00: resource 15 [mem 0x000e4000-0x000e7fff window]
[    0.223756] pci_bus 0000:00: resource 16 [mem 0x000e8000-0x000ebfff window]
[    0.223757] pci_bus 0000:00: resource 17 [mem 0x000ec000-0x000effff window]
[    0.223758] pci_bus 0000:00: resource 18 [mem 0x7c000000-0xdfffffff window]
[    0.223759] pci_bus 0000:00: resource 19 [mem 0xfd000000-0xfe7fffff window]
[    0.223760] pci_bus 0000:01: resource 0 [io  0xe000-0xefff]
[    0.223761] pci_bus 0000:01: resource 1 [mem 0xdf200000-0xdf2fffff]
[    0.223762] pci_bus 0000:01: resource 2 [mem 0xc0000000-0xcfffffff 64bit pref]
[    0.223763] pci_bus 0000:02: resource 1 [mem 0xdf100000-0xdf1fffff]
[    0.223764] pci_bus 0000:03: resource 0 [io  0xd000-0xdfff]
[    0.223765] pci_bus 0000:03: resource 1 [mem 0xdf000000-0xdf0fffff]
[    0.223766] pci_bus 0000:03: resource 2 [mem 0xd0000000-0xd00fffff 64bit pref]
[    0.223934] NET: Registered protocol family 2
[    0.224030] IP idents hash table entries: 65536 (order: 7, 524288 bytes)
[    0.224544] TCP established hash table entries: 32768 (order: 6, 262144 bytes)
[    0.224615] TCP bind hash table entries: 32768 (order: 7, 524288 bytes)
[    0.224717] TCP: Hash tables configured (established 32768 bind 32768)
[    0.224746] UDP hash table entries: 2048 (order: 4, 65536 bytes)
[    0.224760] UDP-Lite hash table entries: 2048 (order: 4, 65536 bytes)
[    0.224801] NET: Registered protocol family 1
[    0.224813] pci 0000:00:02.0: Video device with shadowed ROM at [mem 0x000c0000-0x000dffff]
[    0.226076] PCI: CLS 0 bytes, default 64
[    0.226109] Unpacking initramfs...
[    0.864634] Freeing initrd memory: 42936K
[    0.864721] DMAR: ACPI device "device:65" under DMAR at fed91000 as 00:15.0
[    0.864723] DMAR: ACPI device "device:66" under DMAR at fed91000 as 00:15.1
[    0.864738] PCI-DMA: Using software bounce buffering for IO (SWIOTLB)
[    0.864739] software IO TLB: mapped [mem 0x64291000-0x68291000] (64MB)
[    0.865077] Scanning for low memory corruption every 60 seconds
[    0.865797] Initialise system trusted keyrings
[    0.865808] Key type blacklist registered
[    0.865881] workingset: timestamp_bits=36 max_order=20 bucket_order=0
[    0.866874] zbud: loaded
[    0.867426] squashfs: version 4.0 (2009/01/31) Phillip Lougher
[    0.867574] fuse init (API version 7.26)
[    0.870192] Key type asymmetric registered
[    0.870193] Asymmetric key parser 'x509' registered
[    0.870224] Block layer SCSI generic (bsg) driver version 0.4 loaded (major 246)
[    0.870264] io scheduler noop registered
[    0.870265] io scheduler deadline registered
[    0.870288] io scheduler cfq registered (default)
[    0.871007] efifb: probing for efifb
[    0.871018] efifb: framebuffer at 0xb0000000, using 4128k, total 4128k
[    0.871019] efifb: mode is 1366x768x32, linelength=5504, pages=1
[    0.871019] efifb: scrolling: redraw
[    0.871020] efifb: Truecolor: size=8:8:8:8, shift=24:16:8:0
[    0.871115] Console: switching to colour frame buffer device 170x48
[    0.871143] fb0: EFI VGA frame buffer device
[    0.871150] intel_idle: MWAIT substates: 0x11142120
[    0.871151] intel_idle: v0.4.1 model 0x4E
[    0.871362] intel_idle: lapic_timer_reliable_states 0xffffffff
[    0.871992] ACPI: AC Adapter [AC] (on-line)
[    0.872089] input: Lid Switch as /devices/LNXSYSTM:00/LNXSYBUS:00/PNP0C0D:00/input/input0
[    0.872154] ACPI: Lid Switch [LID0]
[    0.872181] input: Power Button as /devices/LNXSYSTM:00/LNXSYBUS:00/PNP0C0C:00/input/input1
[    0.872236] ACPI: Power Button [PBTN]
[    0.872261] input: Sleep Button as /devices/LNXSYSTM:00/LNXSYBUS:00/PNP0C0E:00/input/input2
[    0.872270] ACPI: Sleep Button [SBTN]
[    0.872297] input: Power Button as /devices/LNXSYSTM:00/LNXPWRBN:00/input/input3
[    0.872354] ACPI: Power Button [PWRF]
[    0.873982] (NULL device *): hwmon_device_register() is deprecated. Please convert the driver to use hwmon_device_register_with_info().
[    0.874589] thermal LNXTHERM:00: registered as thermal_zone0
[    0.874590] ACPI: Thermal Zone [THM] (25 C)
[    0.875033] thermal LNXTHERM:01: registered as thermal_zone1
[    0.875034] ACPI: Thermal Zone [TZ00] (28 C)
[    0.875221] thermal LNXTHERM:02: registered as thermal_zone2
[    0.875222] ACPI: Thermal Zone [TZ01] (30 C)
[    0.875451] Serial: 8250/16550 driver, 32 ports, IRQ sharing enabled
[    0.878259] Linux agpgart interface v0.103
[    0.898747] ACPI: Battery Slot [BAT0] (battery present)
[    0.899030] tpm_crb MSFT0101:00: [Firmware Bug]: ACPI region does not cover the entire command/response buffer. [mem 0xfed40000-0xfed4087f flags 0x200] vs fed40080 f80
[    0.899036] tpm_crb MSFT0101:00: [Firmware Bug]: ACPI region does not cover the entire command/response buffer. [mem 0xfed40000-0xfed4087f flags 0x200] vs fed40080 f80
[    0.930290] loop: module loaded
[    0.930453] libphy: Fixed MDIO Bus: probed
[    0.930454] tun: Universal TUN/TAP device driver, 1.6
[    0.930505] PPP generic driver version 2.4.2
[    0.930563] ehci_hcd: USB 2.0 'Enhanced' Host Controller (EHCI) Driver
[    0.930565] ehci-pci: EHCI PCI platform driver
[    0.930574] ehci-platform: EHCI generic platform driver
[    0.930584] ohci_hcd: USB 1.1 'Open' Host Controller (OHCI) Driver
[    0.930585] ohci-pci: OHCI PCI platform driver
[    0.930591] ohci-platform: OHCI generic platform driver
[    0.930598] uhci_hcd: USB Universal Host Controller Interface driver
[    0.930773] xhci_hcd 0000:00:14.0: xHCI Host Controller
[    0.930778] xhci_hcd 0000:00:14.0: new USB bus registered, assigned bus number 1
[    0.931878] xhci_hcd 0000:00:14.0: hcc params 0x200077c1 hci version 0x100 quirks 0x0000000001109810
[    0.931948] xhci_hcd 0000:00:14.0: cache line size of 64 is not supported
[    0.932149] usb usb1: New USB device found, idVendor=1d6b, idProduct=0002
[    0.932150] usb usb1: New USB device strings: Mfr=3, Product=2, SerialNumber=1
[    0.932151] usb usb1: Product: xHCI Host Controller
[    0.932152] usb usb1: Manufacturer: Linux 4.15.0-162-generic xhci-hcd
[    0.932153] usb usb1: SerialNumber: 0000:00:14.0
[    0.932296] hub 1-0:1.0: USB hub found
[    0.932311] hub 1-0:1.0: 12 ports detected
[    0.933589] xhci_hcd 0000:00:14.0: xHCI Host Controller
[    0.933591] xhci_hcd 0000:00:14.0: new USB bus registered, assigned bus number 2
[    0.933594] xhci_hcd 0000:00:14.0: Host supports USB 3.0  SuperSpeed
[    0.933626] usb usb2: New USB device found, idVendor=1d6b, idProduct=0003
[    0.933627] usb usb2: New USB device strings: Mfr=3, Product=2, SerialNumber=1
[    0.933628] usb usb2: Product: xHCI Host Controller
[    0.933629] usb usb2: Manufacturer: Linux 4.15.0-162-generic xhci-hcd
[    0.933630] usb usb2: SerialNumber: 0000:00:14.0
[    0.933762] hub 2-0:1.0: USB hub found
[    0.933772] hub 2-0:1.0: 6 ports detected
[    0.934466] i8042: PNP: PS/2 Controller [PNP0303:PS2K,PNP0f13:PS2M] at 0x60,0x64 irq 1,12
[    0.934710] i8042: Warning: Keylock active
[    0.936096] serio: i8042 KBD port at 0x60,0x64 irq 1
[    0.936100] serio: i8042 AUX port at 0x60,0x64 irq 12
[    0.936310] mousedev: PS/2 mouse device common for all mice
[    0.936715] rtc_cmos 00:01: RTC can wake from S4
[    0.937179] rtc_cmos 00:01: rtc core: registered rtc_cmos as rtc0
[    0.937258] rtc_cmos 00:01: alarms up to one month, y3k, 242 bytes nvram, hpet irqs
[    0.937264] i2c /dev entries driver
[    0.937309] device-mapper: uevent: version 1.0.3
[    0.937385] device-mapper: ioctl: 4.37.0-ioctl (2017-09-20) initialised: dm-devel@redhat.com
[    0.937388] intel_pstate: Intel P-state driver initializing
[    0.937808] intel_pstate: HWP enabled
[    0.938010] ledtrig-cpu: registered to indicate activity on CPUs
[    0.938012] EFI Variables Facility v0.08 2004-May-17
[    0.947654] intel_pmc_core:  initialized
[    0.947834] NET: Registered protocol family 10
[    0.952516] Segment Routing with IPv6
[    0.952537] NET: Registered protocol family 17
[    0.952648] Key type dns_resolver registered
[    0.953199] mce: Using 8 MCE banks
[    0.953215] RAS: Correctable Errors collector initialized.
[    0.953247] microcode: sig=0x406e3, pf=0x80, revision=0xea
[    0.953443] microcode: Microcode Update Driver: v2.2.
[    0.953453] sched_clock: Marking stable (953439448, 0)->(940914123, 12525325)
[    0.953784] registered taskstats version 1
[    0.953793] Loading compiled-in X.509 certificates
[    0.956434] Loaded X.509 cert 'Build time autogenerated kernel key: ebed311aedd59d9a851620769f4a146e4e1d43c6'
[    0.957135] Loaded X.509 cert 'Canonical Ltd. Live Patch Signing: 14df34d1a87cf37625abec039ef2bf521249b969'
[    0.957823] Loaded X.509 cert 'Canonical Ltd. Kernel Module Signing: 88f752e560a1e0737e31163a466ad7b70a850c19'
[    0.958079] Loaded UEFI:db cert 'Microsoft Windows Production PCA 2011: a92902398e16c49778cd90f99e4f9ae17c55af53' linked to secondary sys keyring
[    0.958099] Loaded UEFI:db cert 'Microsoft Corporation UEFI CA 2011: 13adbf4309bd82709c8cd54f316ed522988a1bd4' linked to secondary sys keyring
[    0.960336] Loaded UEFI:MokListRT cert 'Canonical Ltd. Master Certificate Authority: ad91990bc22ab1f517048c23b6655a268e345a63' linked to secondary sys keyring
[    0.960994] zswap: loaded using pool lzo/zbud
[    0.965621] Key type big_key registered
[    0.965625] Key type trusted registered
[    0.967923] Key type encrypted registered
[    0.967926] AppArmor: AppArmor sha1 policy hashing enabled
[    0.974558] input: AT Translated Set 2 keyboard as /devices/platform/i8042/serio0/input/input4
[    0.975086] ima: Allocated hash algorithm: sha1
[    1.038420] evm: HMAC attrs: 0x1
[    1.039814]   Magic number: 13:559:32
[    1.040056] rtc_cmos 00:01: setting system clock to 2021-11-13 15:00:57 UTC (1636815657)
[    1.040134] BIOS EDD facility v0.16 2004-Jun-25, 0 devices found
[    1.040134] EDD information not available.
[    1.042919] Freeing unused kernel image memory: 2448K
[    1.056289] Write protecting the kernel read-only data: 20480k
[    1.056912] Freeing unused kernel image memory: 2008K
[    1.057274] Freeing unused kernel image memory: 1824K
[    1.066134] x86/mm: Checked W+X mappings: passed, no W+X pages found.
[    1.066136] x86/mm: Checking user space page tables
[    1.074685] x86/mm: Checked W+X mappings: passed, no W+X pages found.
[    1.188471] usb 1-2: new low-speed USB device number 2 using xhci_hcd
[    1.190000] hidraw: raw HID events driver (C) Jiri Kosina
[    1.196355] ahci 0000:00:17.0: version 3.0
[    1.196749] ahci 0000:00:17.0: SSS flag set, parallel bus scan disabled
[    1.198923] r8169 Gigabit Ethernet driver 2.3LK-NAPI loaded
[    1.198930] r8169 0000:03:00.0: can't disable ASPM; OS doesn't have ASPM control
[    1.198959] r8169 0000:03:00.0: enabling device (0000 -> 0003)
[    1.199571] r8169 0000:03:00.0 eth0: RTL8106e at 0x        (ptrval), 18:db:f2:0c:62:48, XID 04900000 IRQ 124
[    1.206865] ahci 0000:00:17.0: AHCI 0001.0301 32 slots 2 ports 6 Gbps 0x3 impl SATA mode
[    1.206869] ahci 0000:00:17.0: flags: 64bit ncq stag pm led clo only pio slum part deso sadm sds apst 
[    1.207384] scsi host0: ahci
[    1.207805] scsi host1: ahci
[    1.207867] ata1: SATA max UDMA/133 abar m2048@0xdf32b000 port 0xdf32b100 irq 123
[    1.207869] ata2: SATA max UDMA/133 abar m2048@0xdf32b000 port 0xdf32b180 irq 123
[    1.230883] r8169 0000:03:00.0 enp3s0: renamed from eth0
[    1.346278] usb 1-2: New USB device found, idVendor=1a2c, idProduct=2124
[    1.346279] usb 1-2: New USB device strings: Mfr=1, Product=2, SerialNumber=0
[    1.346281] usb 1-2: Product: USB Keyboard
[    1.346282] usb 1-2: Manufacturer: SEM
[    1.472949] usb 1-3: new low-speed USB device number 3 using xhci_hcd
[    1.524280] ata1: SATA link up 6.0 Gbps (SStatus 133 SControl 300)
[    1.524961] ata1.00: ATA-9: WDC WD10JPVX-75JC3T0, 02.01A02, max UDMA/133
[    1.524963] ata1.00: 1953525168 sectors, multi 16: LBA48 NCQ (depth 31/32), AA
[    1.525716] ata1.00: configured for UDMA/133
[    1.526010] scsi 0:0:0:0: Direct-Access     ATA      WDC WD10JPVX-75J 1A02 PQ: 0 ANSI: 5
[    1.526444] sd 0:0:0:0: Attached scsi generic sg0 type 0
[    1.526597] sd 0:0:0:0: [sda] 1953525168 512-byte logical blocks: (1.00 TB/932 GiB)
[    1.526598] sd 0:0:0:0: [sda] 4096-byte physical blocks
[    1.526621] sd 0:0:0:0: [sda] Write Protect is off
[    1.526623] sd 0:0:0:0: [sda] Mode Sense: 00 3a 00 00
[    1.526669] sd 0:0:0:0: [sda] Write cache: enabled, read cache: enabled, doesn't support DPO or FUA
[    1.614214]  sda: sda1 sda2 sda3 sda4 sda5 sda6 sda7 sda8 sda9 sda10 sda11
[    1.615171] sd 0:0:0:0: [sda] Attached SCSI disk
[    1.624833] usb 1-3: New USB device found, idVendor=413c, idProduct=301a
[    1.624834] usb 1-3: New USB device strings: Mfr=1, Product=2, SerialNumber=0
[    1.624835] usb 1-3: Product: Dell MS116 USB Optical Mouse
[    1.624837] usb 1-3: Manufacturer: PixArt
[    1.753438] usb 1-5: new high-speed USB device number 4 using xhci_hcd
[    1.841756] ata2: SATA link up 1.5 Gbps (SStatus 113 SControl 300)
[    1.844437] ata2.00: ATAPI: HL-DT-ST DVD+/-RW GU90N, A1C1, max UDMA/100
[    1.849213] ata2.00: configured for UDMA/100
[    1.855211] scsi 1:0:0:0: CD-ROM            HL-DT-ST DVD+-RW GU90N    A1C1 PQ: 0 ANSI: 5
[    1.885667] tsc: Refined TSC clocksource calibration: 2304.000 MHz
[    1.885677] clocksource: tsc: mask: 0xffffffffffffffff max_cycles: 0x2135f7c97c8, max_idle_ns: 440795273205 ns
[    1.913378] sr 1:0:0:0: [sr0] scsi3-mmc drive: 24x/24x writer dvd-ram cd/rw xa/form2 cdda tray
[    1.913380] cdrom: Uniform CD-ROM driver Revision: 3.20
[    1.913537] sr 1:0:0:0: Attached scsi CD-ROM sr0
[    1.913695] sr 1:0:0:0: Attached scsi generic sg1 type 5
[    1.925912] usb 1-5: New USB device found, idVendor=064e, idProduct=920b
[    1.925914] usb 1-5: New USB device strings: Mfr=3, Product=1, SerialNumber=2
[    1.925915] usb 1-5: Product: Integrated_Webcam_HD
[    1.925916] usb 1-5: Manufacturer: SuYin
[    1.925917] usb 1-5: SerialNumber: HF1026-T838-HN01-2-REV4261
[    2.019248] random: fast init done
[    2.019461] random: systemd-udevd: uninitialized urandom read (16 bytes read)
[    2.019528] random: systemd-udevd: uninitialized urandom read (16 bytes read)
[    2.019717] random: systemd-udevd: uninitialized urandom read (16 bytes read)
[    2.053753] usb 1-6: new high-speed USB device number 5 using xhci_hcd
[    2.108508] psmouse serio1: synaptics: queried max coordinates: x [..5664], y [..4648]
[    2.134819] psmouse serio1: synaptics: queried min coordinates: x [1278..], y [1206..]
[    2.134824] psmouse serio1: synaptics: Your touchpad (PNP: DLLb6b2 PNP0f13) says it can support a different bus. If i2c-hid and hid-rmi are not used, you might want to try setting psmouse.synaptics_intertouch to 1 and report this to linux-input@vger.kernel.org.
[    2.185690] psmouse serio1: synaptics: Touchpad model: 1, fw: 8.1, id: 0x1e2b1, caps: 0xd00323/0x840300/0x12e800/0x0, board id: 3014, fw id: 1832337
[    2.202289] usb 1-6: New USB device found, idVendor=0bda, idProduct=0129
[    2.202291] usb 1-6: New USB device strings: Mfr=1, Product=2, SerialNumber=3
[    2.202292] usb 1-6: Product: USB2.0-CRW
[    2.202293] usb 1-6: Manufacturer: Generic
[    2.202294] usb 1-6: SerialNumber: 20100201396000000
[    2.217553] input: SynPS/2 Synaptics TouchPad as /devices/platform/i8042/serio1/input/input6
[    2.329692] usb 1-8: new full-speed USB device number 6 using xhci_hcd
[    2.479378] usb 1-8: New USB device found, idVendor=8087, idProduct=07dc
[    2.479380] usb 1-8: New USB device strings: Mfr=0, Product=0, SerialNumber=0
[    2.489567] usbcore: registered new interface driver rtsx_usb
[    2.491388] usbcore: registered new interface driver usbhid
[    2.491389] usbhid: USB HID core driver
[    2.493851] input: SEM USB Keyboard as /devices/pci0000:00/0000:00:14.0/usb1/1-2/1-2:1.0/0003:1A2C:2124.0001/input/input7
[    2.554029] hid-generic 0003:1A2C:2124.0001: input,hidraw0: USB HID v1.10 Keyboard [SEM USB Keyboard] on usb-0000:00:14.0-2/input0
[    2.554188] input: SEM USB Keyboard as /devices/pci0000:00/0000:00:14.0/usb1/1-2/1-2:1.1/0003:1A2C:2124.0002/input/input8
[    2.613958] hid-generic 0003:1A2C:2124.0002: input,hidraw1: USB HID v1.10 Device [SEM USB Keyboard] on usb-0000:00:14.0-2/input1
[    2.614108] input: PixArt Dell MS116 USB Optical Mouse as /devices/pci0000:00/0000:00:14.0/usb1/1-3/1-3:1.0/0003:413C:301A.0003/input/input9
[    2.614400] hid-generic 0003:413C:301A.0003: input,hidraw2: USB HID v1.11 Mouse [PixArt Dell MS116 USB Optical Mouse] on usb-0000:00:14.0-3/input0
[    2.909937] clocksource: Switched to clocksource tsc
[    4.014957] EXT4-fs (sda5): mounted filesystem with ordered data mode. Opts: (null)
[    4.363464] random: crng init done
[    4.363466] random: 7 urandom warning(s) missed due to ratelimiting
[    5.699468] ip_tables: (C) 2000-2006 Netfilter Core Team
[    5.801463] systemd[1]: systemd 237 running in system mode. (+PAM +AUDIT +SELINUX +IMA +APPARMOR +SMACK +SYSVINIT +UTMP +LIBCRYPTSETUP +GCRYPT +GNUTLS +ACL +XZ +LZ4 +SECCOMP +BLKID +ELFUTILS +KMOD -IDN2 +IDN -PCRE2 default-hierarchy=hybrid)
[    5.817740] systemd[1]: Detected architecture x86-64.
[    5.825154] systemd[1]: Set hostname to <jai-23>.
[    9.722832] systemd[1]: Created slice User and Session Slice.
[    9.722999] systemd[1]: Created slice System Slice.
[    9.723065] systemd[1]: Listening on udev Kernel Socket.
[    9.723131] systemd[1]: Listening on Syslog Socket.
[    9.723234] systemd[1]: Listening on Journal Audit Socket.
[    9.723303] systemd[1]: Listening on udev Control Socket.
[    9.723354] systemd[1]: Listening on fsck to fsckd communication Socket.
[   10.048429] EXT4-fs (sda5): re-mounted. Opts: errors=remount-ro
[   10.480106] systemd-journald[281]: Received request to flush runtime journal from PID 1
[   11.142800] lp: driver loaded but no devices found
[   11.210461] ppdev: user-space parallel port driver
[   29.681311] wmi_bus wmi_bus-PNP0C14:00: WQBC data block query control method not found
[   30.235214] input: DELL Wireless hotkeys as /devices/virtual/input/input10
[   30.313017] (NULL device *): hwmon_device_register() is deprecated. Please convert the driver to use hwmon_device_register_with_info().
[   30.439015] mei_me 0000:00:16.0: enabling device (0000 -> 0002)
[   30.513682] intel-lpss 0000:00:15.0: enabling device (0000 -> 0002)
[   30.550648] idma64 idma64.0: Found Intel integrated DMA 64-bit
[   30.555136] i2c_hid i2c-DLLC6B2:00: i2c-DLLC6B2:00 supply vdd not found, using dummy regulator
[   30.641005] input: DLLC6B2:00 06CB:75BF as /devices/pci0000:00/0000:00:15.0/i2c_designware.0/i2c-0/i2c-DLLC6B2:00/0018:06CB:75BF.0004/input/input11
[   30.641118] hid-generic 0018:06CB:75BF.0004: input,hidraw3: I2C HID v1.00 Mouse [DLLC6B2:00 06CB:75BF] on i2c-DLLC6B2:00
[   30.661672] intel-lpss 0000:00:15.1: enabling device (0000 -> 0002)
[   30.662008] idma64 idma64.1: Found Intel integrated DMA 64-bit
[   30.671388] shpchp: Standard Hot Plug PCI Controller Driver version: 0.4
[   30.739887] cfg80211: Loading compiled-in X.509 certificates for regulatory database
[   30.740259] cfg80211: Loaded X.509 cert 'sforshee: 00b28ddf47aef9cea7'
[   30.836879] Intel(R) Wireless WiFi driver for Linux
[   30.836880] Copyright(c) 2003- 2015 Intel Corporation
[   30.837121] iwlwifi 0000:02:00.0: enabling device (0000 -> 0002)
[   31.066125] RAPL PMU: API unit is 2^-32 Joules, 5 fixed counters, 655360 ms ovfl timer
[   31.066126] RAPL PMU: hw unit of domain pp0-core 2^-14 Joules
[   31.066127] RAPL PMU: hw unit of domain package 2^-14 Joules
[   31.066127] RAPL PMU: hw unit of domain dram 2^-14 Joules
[   31.066128] RAPL PMU: hw unit of domain pp1-gpu 2^-14 Joules
[   31.066129] RAPL PMU: hw unit of domain psys 2^-14 Joules
[   31.167272] iwlwifi 0000:02:00.0: loaded firmware version 17.948900127.0 op_mode iwlmvm
[   31.267053] iwlwifi 0000:02:00.0: Detected Intel(R) Dual Band Wireless AC 3160, REV=0x164
[   31.289005] iwlwifi 0000:02:00.0: base HW address: e4:02:9b:cd:74:59
[   31.631040] [drm] Memory usable by graphics device = 4096M
[   31.631043] checking generic (b0000000 408000) vs hw (b0000000 10000000)
[   31.631044] fb: switching to inteldrmfb from EFI VGA
[   31.631080] Console: switching to colour dummy device 80x25
[   31.631178] [drm] Replacing VGA console driver
[   31.637092] [drm] Supports vblank timestamp caching Rev 2 (21.10.2013).
[   31.637093] [drm] Driver supports precise vblank timestamp query.
[   31.639193] i915 0000:00:02.0: vgaarb: changed VGA decodes: olddecodes=io+mem,decodes=io+mem:owns=io+mem
[   31.646284] [drm] RC6 on
[   31.648899] [drm] Initialized i915 1.6.0 20171023 for 0000:00:02.0 on minor 0
[   31.650232] ACPI: Video Device [GFX0] (multi-head: yes  rom: no  post: no)
[   31.651356] input: Video Bus as /devices/LNXSYSTM:00/LNXSYBUS:00/PNP0A08:00/LNXVIDEO:00/input/input12
[   31.672290] fbcon: inteldrmfb (fb0) is primary device
[   31.672369] Console: switching to colour frame buffer device 170x48
[   31.672403] i915 0000:00:02.0: fb0: inteldrmfb frame buffer device
[   31.740965] ieee80211 phy0: Selected rate control algorithm 'iwl-mvm-rs'
[   31.770932] Bluetooth: Core ver 2.22
[   31.770954] NET: Registered protocol family 31
[   31.770955] Bluetooth: HCI device and connection manager initialized
[   31.770958] Bluetooth: HCI socket layer initialized
[   31.770960] Bluetooth: L2CAP socket layer initialized
[   31.770966] Bluetooth: SCO socket layer initialized
[   31.924292] media: Linux media interface: v0.10
[   32.866964] dcdbas dcdbas: Dell Systems Management Base Driver (version 5.6.0-3.2)
[   32.906179] [drm] Finished loading DMC firmware i915/skl_dmc_ver1_26.bin (v1.26)
[   32.998196] Linux video capture interface: v2.00
[   33.023953] [drm] radeon kernel modesetting enabled.
[   33.023972] vga_switcheroo: detected switching method \_SB_.PCI0.GFX0.ATPX handle
[   33.024094] ATPX version 1, functions 0x00000033
[   33.024183] ATPX Hybrid Graphics
[   33.024256] radeon 0000:01:00.0: enabling device (0006 -> 0007)
[   33.024418] [drm] initializing kernel modesetting (HAINAN 0x1002:0x6660 0x1028:0x06B2 0x81).
[   33.024445] vga_switcheroo: enabled
[   33.072792] ATOM BIOS: DELL
[   33.072802] [drm] GPU not posted. posting now...
[   33.076250] radeon 0000:01:00.0: VRAM: 2048M 0x0000000000000000 - 0x000000007FFFFFFF (2048M used)
[   33.076252] radeon 0000:01:00.0: GTT: 2048M 0x0000000080000000 - 0x00000000FFFFFFFF
[   33.076261] [drm] Detected VRAM RAM=2048M, BAR=256M
[   33.076262] [drm] RAM width 64bits DDR
[   33.076325] [TTM] Zone  kernel: Available graphics memory: 1964328 kiB
[   33.076326] [TTM] Initializing pool allocator
[   33.076332] [TTM] Initializing DMA pool allocator
[   33.076348] [drm] radeon: 2048M of VRAM memory ready
[   33.076349] [drm] radeon: 2048M of GTT memory ready.
[   33.076358] [drm] Loading hainan Microcode
[   33.225319] usbcore: registered new interface driver btusb
[   33.238441] Bluetooth: hci0: read Intel version: 3707100100012d0d00
[   33.356484] input: Dell WMI hotkeys as /devices/platform/PNP0C14:00/wmi_bus/wmi_bus-PNP0C14:00/9DBB5994-A997-11DA-B012-B622A1EF5492/input/input13
[   33.379282] Bluetooth: hci0: Intel Bluetooth firmware file: intel/ibt-hw-37.7.10-fw-1.0.1.2d.d.bseq
[   33.407669] AVX2 version of gcm_enc/dec engaged.
[   33.407674] AES CTR mode by8 optimization enabled
[   33.410367] snd_hda_intel 0000:00:1f.3: enabling device (0000 -> 0002)
[   33.410607] snd_hda_intel 0000:00:1f.3: bound 0000:00:02.0 (ops i915_audio_component_bind_ops [i915])
[   33.466328] iwlwifi 0000:02:00.0 wlp2s0: renamed from wlan0
[   33.483426] Bluetooth: hci0: unexpected event for opcode 0xfc2f
[   33.498437] Bluetooth: hci0: Intel firmware patch completed and activated
[   33.577358] DLLC6B2:00 06CB:75BF: Invalid code 5 type 4
[   33.577414] input: DLLC6B2:00 06CB:75BF Touchpad as /devices/pci0000:00/0000:00:15.0/i2c_designware.0/i2c-0/i2c-DLLC6B2:00/0018:06CB:75BF.0004/input/input15
[   33.577523] hid-multitouch 0018:06CB:75BF.0004: input,hidraw3: I2C HID v1.00 Mouse [DLLC6B2:00 06CB:75BF] on i2c-DLLC6B2:00
[   33.600419] uvcvideo: Found UVC 1.00 device Integrated_Webcam_HD (064e:920b)
[   33.603130] input: Integrated_Webcam_HD: Integrate as /devices/pci0000:00/0000:00:14.0/usb1/1-5/1-5:1.0/input/input20
[   33.603204] usbcore: registered new interface driver uvcvideo
[   33.603205] USB Video Class driver (1.1.1)
[   34.094036] snd_hda_codec_realtek hdaudioC0D0: autoconfig for ALC3234: line_outs=1 (0x14/0x0/0x0/0x0/0x0) type:speaker
[   34.094038] snd_hda_codec_realtek hdaudioC0D0:    speaker_outs=0 (0x0/0x0/0x0/0x0/0x0)
[   34.094040] snd_hda_codec_realtek hdaudioC0D0:    hp_outs=1 (0x21/0x0/0x0/0x0/0x0)
[   34.094040] snd_hda_codec_realtek hdaudioC0D0:    mono: mono_out=0x0
[   34.094041] snd_hda_codec_realtek hdaudioC0D0:    inputs:
[   34.094043] snd_hda_codec_realtek hdaudioC0D0:      Headset Mic=0x19
[   34.094044] snd_hda_codec_realtek hdaudioC0D0:      Headphone Mic=0x1a
[   34.094045] snd_hda_codec_realtek hdaudioC0D0:      Internal Mic=0x12
[   35.272357] [drm] Internal thermal controller without fan control
[   35.272427] [drm] probing gen 2 caps for device 8086:9d10 = 1724843/e
[   35.281196] [drm] radeon: dpm initialized
[   35.281201] [drm] GART: num cpu pages 524288, num gpu pages 524288
[   35.283917] [drm] probing gen 2 caps for device 8086:9d10 = 1724843/e
[   35.283920] [drm] PCIE gen 3 link speeds already enabled
[   35.294038] [drm] PCIE GART of 2048M enabled (table at 0x0000000000040000).
[   35.294200] radeon 0000:01:00.0: WB enabled
[   35.294202] radeon 0000:01:00.0: fence driver on ring 0 use gpu addr 0x0000000080000c00 and cpu addr 0x0000000046ffa30a
[   35.294204] radeon 0000:01:00.0: fence driver on ring 1 use gpu addr 0x0000000080000c04 and cpu addr 0x0000000062822e3e
[   35.294205] radeon 0000:01:00.0: fence driver on ring 2 use gpu addr 0x0000000080000c08 and cpu addr 0x000000006c365e6b
[   35.294206] radeon 0000:01:00.0: fence driver on ring 3 use gpu addr 0x0000000080000c0c and cpu addr 0x000000003403ddc8
[   35.294207] radeon 0000:01:00.0: fence driver on ring 4 use gpu addr 0x0000000080000c10 and cpu addr 0x00000000d8e320fb
[   35.294208] [drm] Supports vblank timestamp caching Rev 2 (21.10.2013).
[   35.294209] [drm] Driver supports precise vblank timestamp query.
[   35.294210] radeon 0000:01:00.0: radeon: MSI limited to 32-bit
[   35.294268] radeon 0000:01:00.0: radeon: using MSI.
[   35.294285] [drm] radeon: irq initialized.
[   35.495282] [drm] ring test on 0 succeeded in 1 usecs
[   35.495287] [drm] ring test on 1 succeeded in 1 usecs
[   35.495291] [drm] ring test on 2 succeeded in 1 usecs
[   35.495301] [drm] ring test on 3 succeeded in 4 usecs
[   35.495308] [drm] ring test on 4 succeeded in 4 usecs
[   35.495577] [drm] ib test on ring 0 succeeded in 0 usecs
[   35.495611] [drm] ib test on ring 1 succeeded in 0 usecs
[   35.495639] [drm] ib test on ring 2 succeeded in 0 usecs
[   35.495660] [drm] ib test on ring 3 succeeded in 0 usecs
[   35.495680] [drm] ib test on ring 4 succeeded in 0 usecs
[   35.496373] [drm] Radeon Display Connectors
[   35.499749] [drm] Initialized radeon 2.50.0 20080528 for 0000:01:00.0 on minor 1
[   35.689325] input: HDA Intel PCH Headphone Mic as /devices/pci0000:00/0000:00:1f.3/sound/card0/input21
[   35.689374] input: HDA Intel PCH HDMI/DP,pcm=3 as /devices/pci0000:00/0000:00:1f.3/sound/card0/input22
[   35.689413] input: HDA Intel PCH HDMI/DP,pcm=7 as /devices/pci0000:00/0000:00:1f.3/sound/card0/input23
[   35.689453] input: HDA Intel PCH HDMI/DP,pcm=8 as /devices/pci0000:00/0000:00:1f.3/sound/card0/input24
[   35.689493] input: HDA Intel PCH HDMI/DP,pcm=9 as /devices/pci0000:00/0000:00:1f.3/sound/card0/input25
[   35.689531] input: HDA Intel PCH HDMI/DP,pcm=10 as /devices/pci0000:00/0000:00:1f.3/sound/card0/input26
[   36.123671] [drm] amdgpu kernel modesetting enabled.
[   36.123693] vga_switcheroo: detected switching method \_SB_.PCI0.GFX0.ATPX handle
[   36.123818] ATPX version 1, functions 0x00000033
[   36.123908] ATPX Hybrid Graphics
[   36.288347] intel_rapl: Found RAPL domain package
[   36.288349] intel_rapl: Found RAPL domain core
[   36.288350] intel_rapl: Found RAPL domain uncore
[   36.288351] intel_rapl: Found RAPL domain dram
[   37.565711] Bluetooth: hci0: command 0xfc3f tx timeout
[   42.009601] Adding 5859324k swap on /dev/sda10.  Priority:-2 extents:1 across:5859324k FS
[   42.350012] [drm] probing gen 2 caps for device 8086:9d10 = 1724843/e
[   42.350016] [drm] PCIE gen 3 link speeds already enabled
[   42.362917] [drm] PCIE GART of 2048M enabled (table at 0x0000000000040000).
[   42.363034] radeon 0000:01:00.0: WB enabled
[   42.363037] radeon 0000:01:00.0: fence driver on ring 0 use gpu addr 0x0000000080000c00 and cpu addr 0x0000000046ffa30a
[   42.363038] radeon 0000:01:00.0: fence driver on ring 1 use gpu addr 0x0000000080000c04 and cpu addr 0x0000000062822e3e
[   42.363039] radeon 0000:01:00.0: fence driver on ring 2 use gpu addr 0x0000000080000c08 and cpu addr 0x000000006c365e6b
[   42.363041] radeon 0000:01:00.0: fence driver on ring 3 use gpu addr 0x0000000080000c0c and cpu addr 0x000000003403ddc8
[   42.363042] radeon 0000:01:00.0: fence driver on ring 4 use gpu addr 0x0000000080000c10 and cpu addr 0x00000000d8e320fb
[   42.562904] [drm] ring test on 0 succeeded in 1 usecs
[   42.562909] [drm] ring test on 1 succeeded in 1 usecs
[   42.562914] [drm] ring test on 2 succeeded in 1 usecs
[   42.562922] [drm] ring test on 3 succeeded in 4 usecs
[   42.562930] [drm] ring test on 4 succeeded in 4 usecs
[   42.563033] [drm] ib test on ring 0 succeeded in 0 usecs
[   42.563062] [drm] ib test on ring 1 succeeded in 0 usecs
[   42.563125] [drm] ib test on ring 2 succeeded in 0 usecs
[   42.563139] [drm] ib test on ring 3 succeeded in 0 usecs
[   42.563152] [drm] ib test on ring 4 succeeded in 0 usecs
[   45.195368] EXT4-fs (sda11): mounted filesystem with ordered data mode. Opts: (null)
[   45.789689] Bluetooth: hci0: turning off Intel device LED failed (-110)
[   46.202650] audit: type=1400 audit(1636815702.656:2): apparmor="STATUS" operation="profile_load" profile="unconfined" name="/sbin/dhclient" pid=894 comm="apparmor_parser"
[   46.202653] audit: type=1400 audit(1636815702.656:3): apparmor="STATUS" operation="profile_load" profile="unconfined" name="/usr/lib/NetworkManager/nm-dhcp-client.action" pid=894 comm="apparmor_parser"
[   46.202655] audit: type=1400 audit(1636815702.656:4): apparmor="STATUS" operation="profile_load" profile="unconfined" name="/usr/lib/NetworkManager/nm-dhcp-helper" pid=894 comm="apparmor_parser"
[   46.202657] audit: type=1400 audit(1636815702.656:5): apparmor="STATUS" operation="profile_load" profile="unconfined" name="/usr/lib/connman/scripts/dhclient-script" pid=894 comm="apparmor_parser"
[   46.292115] audit: type=1400 audit(1636815702.744:6): apparmor="STATUS" operation="profile_load" profile="unconfined" name="/snap/core/10823/usr/lib/snapd/snap-confine" pid=895 comm="apparmor_parser"
[   46.292118] audit: type=1400 audit(1636815702.744:7): apparmor="STATUS" operation="profile_load" profile="unconfined" name="/snap/core/10823/usr/lib/snapd/snap-confine//mount-namespace-capture-helper" pid=895 comm="apparmor_parser"
[   46.303793] audit: type=1400 audit(1636815702.756:8): apparmor="STATUS" operation="profile_load" profile="unconfined" name="libreoffice-oopslash" pid=899 comm="apparmor_parser"
[   46.314414] audit: type=1400 audit(1636815702.768:9): apparmor="STATUS" operation="profile_load" profile="unconfined" name="/usr/bin/man" pid=898 comm="apparmor_parser"
[   46.314418] audit: type=1400 audit(1636815702.768:10): apparmor="STATUS" operation="profile_load" profile="unconfined" name="man_filter" pid=898 comm="apparmor_parser"
[   46.314420] audit: type=1400 audit(1636815702.768:11): apparmor="STATUS" operation="profile_load" profile="unconfined" name="man_groff" pid=898 comm="apparmor_parser"
[   49.997966] [drm] probing gen 2 caps for device 8086:9d10 = 1724843/e
[   49.997969] [drm] PCIE gen 3 link speeds already enabled
[   50.010870] [drm] PCIE GART of 2048M enabled (table at 0x0000000000040000).
[   50.010994] radeon 0000:01:00.0: WB enabled
[   50.010997] radeon 0000:01:00.0: fence driver on ring 0 use gpu addr 0x0000000080000c00 and cpu addr 0x0000000046ffa30a
[   50.010998] radeon 0000:01:00.0: fence driver on ring 1 use gpu addr 0x0000000080000c04 and cpu addr 0x0000000062822e3e
[   50.010999] radeon 0000:01:00.0: fence driver on ring 2 use gpu addr 0x0000000080000c08 and cpu addr 0x000000006c365e6b
[   50.011000] radeon 0000:01:00.0: fence driver on ring 3 use gpu addr 0x0000000080000c0c and cpu addr 0x000000003403ddc8
[   50.011001] radeon 0000:01:00.0: fence driver on ring 4 use gpu addr 0x0000000080000c10 and cpu addr 0x00000000d8e320fb
[   50.211035] [drm] ring test on 0 succeeded in 1 usecs
[   50.211040] [drm] ring test on 1 succeeded in 1 usecs
[   50.211044] [drm] ring test on 2 succeeded in 1 usecs
[   50.211053] [drm] ring test on 3 succeeded in 4 usecs
[   50.211060] [drm] ring test on 4 succeeded in 4 usecs
[   50.211163] [drm] ib test on ring 0 succeeded in 0 usecs
[   50.211208] [drm] ib test on ring 1 succeeded in 0 usecs
[   50.211288] [drm] ib test on ring 2 succeeded in 0 usecs
[   50.211302] [drm] ib test on ring 3 succeeded in 0 usecs
[   50.211314] [drm] ib test on ring 4 succeeded in 0 usecs
[   52.047255] Bluetooth: BNEP (Ethernet Emulation) ver 1.3
[   52.047256] Bluetooth: BNEP filters: protocol multicast
[   52.047259] Bluetooth: BNEP socket layer initialized
[   59.953688] IPv6: ADDRCONF(NETDEV_UP): enp3s0: link is not ready
[   60.341814] r8169 0000:03:00.0 enp3s0: link down
[   60.341952] IPv6: ADDRCONF(NETDEV_UP): enp3s0: link is not ready
[   60.382471] IPv6: ADDRCONF(NETDEV_UP): wlp2s0: link is not ready
[   60.547106] IPv6: ADDRCONF(NETDEV_UP): wlp2s0: link is not ready
[   61.298137] IPv6: ADDRCONF(NETDEV_UP): wlp2s0: link is not ready
[   64.701079] wlp2s0: authenticate with ac:37:28:72:87:1d
[   64.706801] wlp2s0: send auth to ac:37:28:72:87:1d (try 1/3)
[   64.708176] wlp2s0: authenticated
[   64.709650] wlp2s0: associate with ac:37:28:72:87:1d (try 1/3)
[   64.712461] wlp2s0: RX AssocResp from ac:37:28:72:87:1d (capab=0x911 status=0 aid=4)
[   64.713896] wlp2s0: associated
[   64.718511] wlp2s0: Limiting TX power to 20 (20 - 0) dBm as advertised by ac:37:28:72:87:1d
[   65.172073] IPv6: ADDRCONF(NETDEV_CHANGE): wlp2s0: link becomes ready
[   74.562684] ip6_tables: (C) 2000-2006 Netfilter Core Team
[   74.741322] [drm] probing gen 2 caps for device 8086:9d10 = 1724843/e
[   74.741326] [drm] PCIE gen 3 link speeds already enabled
[   74.754296] [drm] PCIE GART of 2048M enabled (table at 0x0000000000040000).
[   74.754430] radeon 0000:01:00.0: WB enabled
[   74.754433] radeon 0000:01:00.0: fence driver on ring 0 use gpu addr 0x0000000080000c00 and cpu addr 0x0000000046ffa30a
[   74.754434] radeon 0000:01:00.0: fence driver on ring 1 use gpu addr 0x0000000080000c04 and cpu addr 0x0000000062822e3e
[   74.754435] radeon 0000:01:00.0: fence driver on ring 2 use gpu addr 0x0000000080000c08 and cpu addr 0x000000006c365e6b
[   74.754436] radeon 0000:01:00.0: fence driver on ring 3 use gpu addr 0x0000000080000c0c and cpu addr 0x000000003403ddc8
[   74.754437] radeon 0000:01:00.0: fence driver on ring 4 use gpu addr 0x0000000080000c10 and cpu addr 0x00000000d8e320fb
[   74.813400] Ebtables v2.0 registered
[   74.955423] [drm] ring test on 0 succeeded in 1 usecs
[   74.955428] [drm] ring test on 1 succeeded in 1 usecs
[   74.955433] [drm] ring test on 2 succeeded in 1 usecs
[   74.955442] [drm] ring test on 3 succeeded in 4 usecs
[   74.955448] [drm] ring test on 4 succeeded in 3 usecs
[   74.955482] [drm] ib test on ring 0 succeeded in 0 usecs
[   74.955505] [drm] ib test on ring 1 succeeded in 0 usecs
[   74.955530] [drm] ib test on ring 2 succeeded in 0 usecs
[   74.955543] [drm] ib test on ring 3 succeeded in 0 usecs
[   74.955555] [drm] ib test on ring 4 succeeded in 0 usecs
[   77.290952] bridge: filtering via arp/ip/ip6tables is no longer available by default. Update your scripts to load br_netfilter if you need this.
[   77.293215] virbr0: port 1(virbr0-nic) entered blocking state
[   77.293220] virbr0: port 1(virbr0-nic) entered disabled state
[   77.293369] device virbr0-nic entered promiscuous mode
[   78.714479] nf_conntrack version 0.5.0 (16384 buckets, 65536 max)
[   79.670242] virbr0: port 1(virbr0-nic) entered blocking state
[   79.670249] virbr0: port 1(virbr0-nic) entered listening state
[   79.770242] virbr0: port 1(virbr0-nic) entered disabled state
[   96.559766] [drm] probing gen 2 caps for device 8086:9d10 = 1724843/e
[   96.559770] [drm] PCIE gen 3 link speeds already enabled
[   96.574893] [drm] PCIE GART of 2048M enabled (table at 0x0000000000040000).
[   96.575055] radeon 0000:01:00.0: WB enabled
[   96.575059] radeon 0000:01:00.0: fence driver on ring 0 use gpu addr 0x0000000080000c00 and cpu addr 0x0000000046ffa30a
[   96.575061] radeon 0000:01:00.0: fence driver on ring 1 use gpu addr 0x0000000080000c04 and cpu addr 0x0000000062822e3e
[   96.575062] radeon 0000:01:00.0: fence driver on ring 2 use gpu addr 0x0000000080000c08 and cpu addr 0x000000006c365e6b
[   96.575064] radeon 0000:01:00.0: fence driver on ring 3 use gpu addr 0x0000000080000c0c and cpu addr 0x000000003403ddc8
[   96.575066] radeon 0000:01:00.0: fence driver on ring 4 use gpu addr 0x0000000080000c10 and cpu addr 0x00000000d8e320fb
[   96.771172] [drm] ring test on 0 succeeded in 1 usecs
[   96.771179] [drm] ring test on 1 succeeded in 1 usecs
[   96.771183] [drm] ring test on 2 succeeded in 1 usecs
[   96.771192] [drm] ring test on 3 succeeded in 4 usecs
[   96.771198] [drm] ring test on 4 succeeded in 3 usecs
[   96.771237] [drm] ib test on ring 0 succeeded in 0 usecs
[   96.771270] [drm] ib test on ring 1 succeeded in 0 usecs
[   96.771297] [drm] ib test on ring 2 succeeded in 0 usecs
[   96.771314] [drm] ib test on ring 3 succeeded in 0 usecs
[   96.771328] [drm] ib test on ring 4 succeeded in 0 usecs
[  102.329675] Bluetooth: RFCOMM TTY layer initialized
[  102.329683] Bluetooth: RFCOMM socket layer initialized
[  102.329692] Bluetooth: RFCOMM ver 1.11
[  106.793752] rfkill: input handler disabled
[  150.024974] vboxdrv: loading out-of-tree module taints kernel.
[  150.025208] vboxdrv: module verification failed: signature and/or required key missing - tainting kernel
[  150.040613] vboxdrv: Found 4 processor cores
[  150.061221] vboxdrv: TSC mode is Invariant, tentative frequency 2303861087 Hz
[  150.061222] vboxdrv: Successfully loaded version 6.1.26 r145957 (interface 0x00300000)
[  150.271515] VBoxNetFlt: Successfully started.
[  150.277381] VBoxNetAdp: Successfully started.
[ 3189.695350] wlp2s0: deauthenticating from ac:37:28:72:87:1d by local choice (Reason: 3=DEAUTH_LEAVING)
[ 3189.912195] PM: suspend entry (deep)
[ 3189.912200] PM: Syncing filesystems ... done.
[ 3190.248499] Freezing user space processes ... (elapsed 0.004 seconds) done.
[ 3190.253425] OOM killer disabled.
[ 3190.253427] Freezing remaining freezable tasks ... (elapsed 0.001 seconds) done.
[ 3190.255078] Suspending console(s) (use no_console_suspend to debug)
[ 3190.430740] xhci_hcd 0000:00:14.0: USB core suspending device not in U0/U1/U2.
[ 3190.430906] sd 0:0:0:0: [sda] Synchronizing SCSI cache
[ 3190.431077] sd 0:0:0:0: [sda] Stopping disk
[ 3190.614881] psmouse serio1: Failed to disable mouse on isa0060/serio1
[ 3191.972511] [drm] probing gen 2 caps for device 8086:9d10 = 1724843/e
[ 3191.972514] [drm] PCIE gen 3 link speeds already enabled
[ 3191.985315] [drm] PCIE GART of 2048M enabled (table at 0x0000000000040000).
[ 3191.985441] radeon 0000:01:00.0: WB enabled
[ 3191.985444] radeon 0000:01:00.0: fence driver on ring 0 use gpu addr 0x0000000080000c00 and cpu addr 0x0000000046ffa30a
[ 3191.985445] radeon 0000:01:00.0: fence driver on ring 1 use gpu addr 0x0000000080000c04 and cpu addr 0x0000000062822e3e
[ 3191.985446] radeon 0000:01:00.0: fence driver on ring 2 use gpu addr 0x0000000080000c08 and cpu addr 0x000000006c365e6b
[ 3191.985447] radeon 0000:01:00.0: fence driver on ring 3 use gpu addr 0x0000000080000c0c and cpu addr 0x000000003403ddc8
[ 3191.985448] radeon 0000:01:00.0: fence driver on ring 4 use gpu addr 0x0000000080000c10 and cpu addr 0x00000000d8e320fb
[ 3192.185520] [drm] ring test on 0 succeeded in 1 usecs
[ 3192.185525] [drm] ring test on 1 succeeded in 1 usecs
[ 3192.185529] [drm] ring test on 2 succeeded in 1 usecs
[ 3192.185538] [drm] ring test on 3 succeeded in 4 usecs
[ 3192.185545] [drm] ring test on 4 succeeded in 4 usecs
[ 3192.185710] [drm] ib test on ring 0 succeeded in 0 usecs
[ 3192.185864] [drm] ib test on ring 1 succeeded in 0 usecs
[ 3192.185985] [drm] ib test on ring 2 succeeded in 0 usecs
[ 3192.186020] [drm] ib test on ring 3 succeeded in 0 usecs
[ 3192.186032] [drm] ib test on ring 4 succeeded in 0 usecs
[ 3193.027166] ACPI: EC: interrupt blocked
[ 3193.071574] ACPI: Preparing to enter system sleep state S3
[ 3193.078399] ACPI: EC: event blocked
[ 3193.078400] ACPI: EC: EC stopped
[ 3193.078402] PM: Saving platform NVS memory
[ 3193.078529] Disabling non-boot CPUs ...
[ 3193.091326] IRQ 127: no longer affine to CPU1
[ 3193.092341] smpboot: CPU 1 is now offline
[ 3193.115646] IRQ 124: no longer affine to CPU2
[ 3193.116668] smpboot: CPU 2 is now offline
[ 3193.139181] IRQ 16: no longer affine to CPU3
[ 3193.139191] IRQ 123: no longer affine to CPU3
[ 3193.139202] IRQ 126: no longer affine to CPU3
[ 3193.140214] smpboot: CPU 3 is now offline
[ 3193.146802] ACPI: Low-level resume complete
[ 3193.147029] ACPI: EC: EC started
[ 3193.147032] PM: Restoring platform NVS memory
[ 3193.158964] Enabling non-boot CPUs ...
[ 3193.159100] x86: Booting SMP configuration:
[ 3193.159105] smpboot: Booting Node 0 Processor 1 APIC 0x2
[ 3193.171586]  cache: parent cpu1 should not be sleeping
[ 3193.172428] CPU1 is up
[ 3193.172523] smpboot: Booting Node 0 Processor 2 APIC 0x1
[ 3193.175239]  cache: parent cpu2 should not be sleeping
[ 3193.177663] CPU2 is up
[ 3193.177773] smpboot: Booting Node 0 Processor 3 APIC 0x3
[ 3193.180185]  cache: parent cpu3 should not be sleeping
[ 3193.181131] CPU3 is up
[ 3193.200261] ACPI: Waking up from system sleep state S3
[ 3193.334309] ACPI: EC: interrupt unblocked
[ 3193.382670] ACPI: EC: event unblocked
[ 3193.383719] iwlwifi 0000:02:00.0: RF_KILL bit toggled to enable radio.
[ 3193.386201] sd 0:0:0:0: [sda] Starting disk
[ 3193.426555] [drm] probing gen 2 caps for device 8086:9d10 = 1724843/e
[ 3193.426563] [drm] PCIE gen 3 link speeds already enabled
[ 3193.444732] [drm] PCIE GART of 2048M enabled (table at 0x0000000000040000).
[ 3193.444831] radeon 0000:01:00.0: WB enabled
[ 3193.444834] radeon 0000:01:00.0: fence driver on ring 0 use gpu addr 0x0000000080000c00 and cpu addr 0x0000000046ffa30a
[ 3193.444835] radeon 0000:01:00.0: fence driver on ring 1 use gpu addr 0x0000000080000c04 and cpu addr 0x0000000062822e3e
[ 3193.444836] radeon 0000:01:00.0: fence driver on ring 2 use gpu addr 0x0000000080000c08 and cpu addr 0x000000006c365e6b
[ 3193.444837] radeon 0000:01:00.0: fence driver on ring 3 use gpu addr 0x0000000080000c0c and cpu addr 0x000000003403ddc8
[ 3193.444838] radeon 0000:01:00.0: fence driver on ring 4 use gpu addr 0x0000000080000c10 and cpu addr 0x00000000d8e320fb
[ 3193.650294] usb 1-5: reset high-speed USB device number 4 using xhci_hcd
[ 3193.654551] [drm] ring test on 0 succeeded in 0 usecs
[ 3193.654556] [drm] ring test on 1 succeeded in 1 usecs
[ 3193.654560] [drm] ring test on 2 succeeded in 1 usecs
[ 3193.654569] [drm] ring test on 3 succeeded in 4 usecs
[ 3193.654576] [drm] ring test on 4 succeeded in 4 usecs
[ 3193.654610] [drm] ib test on ring 0 succeeded in 0 usecs
[ 3193.654637] [drm] ib test on ring 1 succeeded in 0 usecs
[ 3193.654663] [drm] ib test on ring 2 succeeded in 0 usecs
[ 3193.654676] [drm] ib test on ring 3 succeeded in 0 usecs
[ 3193.654689] [drm] ib test on ring 4 succeeded in 0 usecs
[ 3193.654779] r8169 0000:03:00.0 enp3s0: link down
[ 3193.696980] ata2: SATA link up 1.5 Gbps (SStatus 113 SControl 300)
[ 3193.704539] ata2.00: configured for UDMA/100
[ 3193.926532] usb 1-6: reset high-speed USB device number 5 using xhci_hcd
[ 3194.202614] usb 1-8: reset full-speed USB device number 6 using xhci_hcd
[ 3194.842441] [drm] RC6 on
[ 3195.134198] ata1: SATA link up 6.0 Gbps (SStatus 133 SControl 300)
[ 3195.273509] ata1.00: configured for UDMA/133
[ 3196.393625] OOM killer enabled.
[ 3196.393627] Restarting tasks ... done.
[ 3196.405391] usb 1-2: USB disconnect, device number 2
[ 3196.410581] Bluetooth: hci0: read Intel version: 3707100100012d0d00
[ 3196.410586] Bluetooth: hci0: Intel Bluetooth firmware file: intel/ibt-hw-37.7.10-fw-1.0.1.2d.d.bseq
[ 3196.461921] PM: suspend exit
[ 3196.527575] usb 1-3: USB disconnect, device number 3
[ 3196.559568] Bluetooth: hci0: unexpected event for opcode 0xfc2f
[ 3196.574620] Bluetooth: hci0: Intel firmware patch completed and activated
[ 3196.863699] IPv6: ADDRCONF(NETDEV_UP): enp3s0: link is not ready
[ 3197.078111] r8169 0000:03:00.0 enp3s0: link down
[ 3197.078184] IPv6: ADDRCONF(NETDEV_UP): enp3s0: link is not ready
[ 3197.079304] IPv6: ADDRCONF(NETDEV_UP): wlp2s0: link is not ready
[ 3197.238595] IPv6: ADDRCONF(NETDEV_UP): wlp2s0: link is not ready
[ 3197.321972] IPv6: ADDRCONF(NETDEV_UP): wlp2s0: link is not ready
[ 3200.571857] wlp2s0: authenticate with ac:37:28:72:87:1d
[ 3200.574618] wlp2s0: send auth to ac:37:28:72:87:1d (try 1/3)
[ 3200.575721] wlp2s0: authenticated
[ 3200.578269] wlp2s0: associate with ac:37:28:72:87:1d (try 1/3)
[ 3200.580115] wlp2s0: RX AssocResp from ac:37:28:72:87:1d (capab=0x911 status=0 aid=4)
[ 3200.581750] wlp2s0: associated
[ 3200.679670] wlp2s0: Limiting TX power to 20 (20 - 0) dBm as advertised by ac:37:28:72:87:1d
[ 3200.692274] IPv6: ADDRCONF(NETDEV_CHANGE): wlp2s0: link becomes ready
[ 3203.466323] usb 1-3: new low-speed USB device number 7 using xhci_hcd
[ 3203.618591] usb 1-3: New USB device found, idVendor=413c, idProduct=301a
[ 3203.618599] usb 1-3: New USB device strings: Mfr=1, Product=2, SerialNumber=0
[ 3203.618605] usb 1-3: Product: Dell MS116 USB Optical Mouse
[ 3203.618609] usb 1-3: Manufacturer: PixArt
[ 3203.622606] input: PixArt Dell MS116 USB Optical Mouse as /devices/pci0000:00/0000:00:14.0/usb1/1-3/1-3:1.0/0003:413C:301A.0005/input/input29
[ 3203.623817] hid-generic 0003:413C:301A.0005: input,hidraw0: USB HID v1.11 Mouse [PixArt Dell MS116 USB Optical Mouse] on usb-0000:00:14.0-3/input0
[ 3583.756145] WARNING: CPU: 3 PID: 406 at /build/linux-U21UmO/linux-4.15.0/drivers/net/wireless/intel/iwlwifi/mvm/rs.c:1225 iwl_mvm_rs_tx_status+0x158/0x790 [iwlmvm]
[ 3583.756148] Modules linked in: vboxnetadp(OE) vboxnetflt(OE) vboxdrv(OE) rfcomm xt_CHECKSUM iptable_mangle ipt_MASQUERADE nf_nat_masquerade_ipv4 iptable_nat nf_nat_ipv4 nf_nat nf_conntrack_ipv4 nf_defrag_ipv4 xt_conntrack nf_conntrack libcrc32c ipt_REJECT nf_reject_ipv4 xt_tcpudp bridge stp llc devlink ebtable_filter ebtables ip6table_filter ip6_tables iptable_filter ccm cmac bnep binfmt_misc nls_iso8859_1 intel_rapl x86_pkg_temp_thermal intel_powerclamp coretemp amdgpu kvm_intel kvm snd_hda_codec_hdmi chash irqbypass crct10dif_pclmul crc32_pclmul ghash_clmulni_intel snd_soc_skl snd_soc_skl_ipc snd_hda_ext_core snd_hda_codec_realtek snd_hda_codec_generic snd_soc_sst_dsp rtsx_usb_ms pcbc snd_soc_sst_ipc snd_soc_acpi snd_soc_core snd_compress ac97_bus uvcvideo snd_pcm_dmaengine hid_multitouch snd_hda_intel
[ 3583.756215]  aesni_intel videobuf2_vmalloc dell_wmi snd_hda_codec aes_x86_64 wmi_bmof btusb dell_laptop videobuf2_memops btrtl btbcm sparse_keymap snd_hda_core crypto_simd glue_helper dell_smbios videobuf2_v4l2 videobuf2_core radeon videodev memstick cryptd btintel dcdbas snd_hwdep snd_pcm dell_wmi_descriptor media dell_smm_hwmon snd_seq_midi bluetooth arc4 ttm i915 snd_seq_midi_event drm_kms_helper drm ecdh_generic intel_cstate snd_rawmidi iwlmvm mac80211 intel_rapl_perf snd_seq joydev input_leds i2c_algo_bit iwlwifi fb_sys_fops snd_seq_device snd_timer cfg80211 shpchp serio_raw syscopyarea snd idma64 virt_dma intel_lpss_pci soundcore mei_me sysfillrect intel_pch_thermal dell_rbtn mei intel_lpss sysimgblt video mac_hid wmi acpi_pad sch_fq_codel parport_pc ppdev lp parport ip_tables x_tables autofs4
[ 3583.756294]  hid_generic rtsx_usb_sdmmc rtsx_usb usbhid psmouse r8169 mii ahci libahci i2c_hid hid pinctrl_sunrisepoint
[ 3583.756314] CPU: 3 PID: 406 Comm: irq/126-iwlwifi Tainted: G           OE    4.15.0-162-generic #170-Ubuntu
[ 3583.756317] Hardware name: Dell Inc. Inspiron 5559/0924RG, BIOS 1.4.1 12/08/2017
[ 3583.756351] RIP: 0010:iwl_mvm_rs_tx_status+0x158/0x790 [iwlmvm]
[ 3583.756355] RSP: 0018:ffff9c46c0c9fa90 EFLAGS: 00010282
[ 3583.756360] RAX: 00000000ffffffea RBX: ffff913541f8c908 RCX: 00000000000000ff
[ 3583.756364] RDX: ffffffffc07c3489 RSI: 0000000000000000 RDI: 0000000000000000
[ 3583.756367] RBP: ffff9c46c0c9fb38 R08: 0000000000000000 R09: 0000000000000000
[ 3583.756370] R10: 0000000000000006 R11: ffff913452f1c03e R12: ffff9135b8f21828
[ 3583.756373] R13: 0000000000000006 R14: 0000000000000000 R15: ffff9135b58f5568
[ 3583.756378] FS:  0000000000000000(0000) GS:ffff9135c2d80000(0000) knlGS:0000000000000000
[ 3583.756381] CS:  0010 DS: 0000 ES: 0000 CR0: 0000000080050033
[ 3583.756385] CR2: 00001def71573000 CR3: 000000017440a005 CR4: 00000000003606e0
[ 3583.756388] DR0: 0000000000000000 DR1: 0000000000000000 DR2: 0000000000000000
[ 3583.756392] DR3: 0000000000000000 DR6: 00000000fffe0ff0 DR7: 0000000000000400
[ 3583.756394] Call Trace:
[ 3583.756430]  rs_mac80211_tx_status+0x9e/0xa0 [iwlmvm]
[ 3583.756501]  rate_control_tx_status+0xa7/0xb0 [mac80211]
[ 3583.756557]  __ieee80211_tx_status+0x2ba/0x820 [mac80211]
[ 3583.756612]  ieee80211_tx_status+0x84/0xb0 [mac80211]
[ 3583.756642]  iwl_mvm_tx_reclaim+0x289/0x380 [iwlmvm]
[ 3583.756669]  iwl_mvm_rx_ba_notif+0x19a/0x2d0 [iwlmvm]
[ 3583.756696]  iwl_mvm_rx_common+0x7d/0x280 [iwlmvm]
[ 3583.756720]  iwl_mvm_rx+0x5d/0x70 [iwlmvm]
[ 3583.756749]  iwl_pcie_rx_handle+0x268/0x9c0 [iwlwifi]
[ 3583.756779]  iwl_pcie_irq_handler+0x704/0xab0 [iwlwifi]
[ 3583.756789]  ? irq_finalize_oneshot.part.42+0xf0/0xf0
[ 3583.756796]  irq_thread_fn+0x26/0x60
[ 3583.756803]  irq_thread+0xea/0x170
[ 3583.756810]  ? irq_forced_thread_fn+0x90/0x90
[ 3583.756819]  kthread+0x121/0x140
[ 3583.756826]  ? irq_thread_check_affinity+0xe0/0xe0
[ 3583.756833]  ? kthread_create_worker_on_cpu+0x70/0x70
[ 3583.756841]  ret_from_fork+0x35/0x40
[ 3583.756846] Code: 70 0a 00 00 48 63 c1 48 01 83 68 0a 00 00 56 51 be 00 00 10 00 49 8b 3f 48 c7 c1 50 27 7c c0 e8 4f 22 e8 ff 59 5e e9 03 ff ff ff <0f> 0b e9 fc fe ff ff 49 c7 c0 f8 f2 7c c0 49 8b 3f 48 c7 c1 50 
[ 3583.756917] ---[ end trace 984a60bada2004ed ]---
[ 5822.802641] perf: interrupt took too long (2541 > 2500), lowering kernel.perf_event_max_sample_rate to 78500
[ 7093.643124] Starting excited time!
[ 7548.029584] Excited time is over =(
[ 7673.444682] excited_virus: module license 'unspecified' taints kernel.
[ 7673.444684] Disabling lock debugging due to kernel taint
[ 7673.444937] Starting excited time!
[ 7782.867645] [drm] probing gen 2 caps for device 8086:9d10 = 1724843/e
[ 7782.867648] [drm] PCIE gen 3 link speeds already enabled
[ 7782.881365] [drm] PCIE GART of 2048M enabled (table at 0x0000000000040000).
[ 7782.881479] radeon 0000:01:00.0: WB enabled
[ 7782.881482] radeon 0000:01:00.0: fence driver on ring 0 use gpu addr 0x0000000080000c00 and cpu addr 0x0000000046ffa30a
[ 7782.881483] radeon 0000:01:00.0: fence driver on ring 1 use gpu addr 0x0000000080000c04 and cpu addr 0x0000000062822e3e
[ 7782.881484] radeon 0000:01:00.0: fence driver on ring 2 use gpu addr 0x0000000080000c08 and cpu addr 0x000000006c365e6b
[ 7782.881485] radeon 0000:01:00.0: fence driver on ring 3 use gpu addr 0x0000000080000c0c and cpu addr 0x000000003403ddc8
[ 7782.881486] radeon 0000:01:00.0: fence driver on ring 4 use gpu addr 0x0000000080000c10 and cpu addr 0x00000000d8e320fb
[ 7783.081734] [drm] ring test on 0 succeeded in 1 usecs
[ 7783.081739] [drm] ring test on 1 succeeded in 1 usecs
[ 7783.081744] [drm] ring test on 2 succeeded in 1 usecs
[ 7783.081752] [drm] ring test on 3 succeeded in 4 usecs
[ 7783.081759] [drm] ring test on 4 succeeded in 3 usecs
[ 7783.081825] [drm] ib test on ring 0 succeeded in 0 usecs
[ 7783.081892] [drm] ib test on ring 1 succeeded in 0 usecs
[ 7783.081957] [drm] ib test on ring 2 succeeded in 0 usecs
[ 7783.081971] [drm] ib test on ring 3 succeeded in 0 usecs
[ 7783.081984] [drm] ib test on ring 4 succeeded in 0 usecs
[ 7783.187597] rfkill: input handler enabled
[ 7790.290848] [drm] probing gen 2 caps for device 8086:9d10 = 1724843/e
[ 7790.290851] [drm] PCIE gen 3 link speeds already enabled
[ 7790.305095] [drm] PCIE GART of 2048M enabled (table at 0x0000000000040000).
[ 7790.305244] radeon 0000:01:00.0: WB enabled
[ 7790.305246] radeon 0000:01:00.0: fence driver on ring 0 use gpu addr 0x0000000080000c00 and cpu addr 0x0000000046ffa30a
[ 7790.305248] radeon 0000:01:00.0: fence driver on ring 1 use gpu addr 0x0000000080000c04 and cpu addr 0x0000000062822e3e
[ 7790.305249] radeon 0000:01:00.0: fence driver on ring 2 use gpu addr 0x0000000080000c08 and cpu addr 0x000000006c365e6b
[ 7790.305250] radeon 0000:01:00.0: fence driver on ring 3 use gpu addr 0x0000000080000c0c and cpu addr 0x000000003403ddc8
[ 7790.305251] radeon 0000:01:00.0: fence driver on ring 4 use gpu addr 0x0000000080000c10 and cpu addr 0x00000000d8e320fb
[ 7790.505718] [drm] ring test on 0 succeeded in 1 usecs
[ 7790.505723] [drm] ring test on 1 succeeded in 1 usecs
[ 7790.505727] [drm] ring test on 2 succeeded in 1 usecs
[ 7790.505736] [drm] ring test on 3 succeeded in 4 usecs
[ 7790.505743] [drm] ring test on 4 succeeded in 4 usecs
[ 7790.505821] [drm] ib test on ring 0 succeeded in 0 usecs
[ 7790.505896] [drm] ib test on ring 1 succeeded in 0 usecs
[ 7790.505930] [drm] ib test on ring 2 succeeded in 0 usecs
[ 7790.505946] [drm] ib test on ring 3 succeeded in 0 usecs
[ 7790.505959] [drm] ib test on ring 4 succeeded in 0 usecs
[ 7790.590122] rfkill: input handler disabled
[ 7836.119226] [drm] probing gen 2 caps for device 8086:9d10 = 1724843/e
[ 7836.119229] [drm] PCIE gen 3 link speeds already enabled
[ 7836.132865] [drm] PCIE GART of 2048M enabled (table at 0x0000000000040000).
[ 7836.133024] radeon 0000:01:00.0: WB enabled
[ 7836.133027] radeon 0000:01:00.0: fence driver on ring 0 use gpu addr 0x0000000080000c00 and cpu addr 0x0000000046ffa30a
[ 7836.133028] radeon 0000:01:00.0: fence driver on ring 1 use gpu addr 0x0000000080000c04 and cpu addr 0x0000000062822e3e
[ 7836.133029] radeon 0000:01:00.0: fence driver on ring 2 use gpu addr 0x0000000080000c08 and cpu addr 0x000000006c365e6b
[ 7836.133030] radeon 0000:01:00.0: fence driver on ring 3 use gpu addr 0x0000000080000c0c and cpu addr 0x000000003403ddc8
[ 7836.133031] radeon 0000:01:00.0: fence driver on ring 4 use gpu addr 0x0000000080000c10 and cpu addr 0x00000000d8e320fb
[ 7836.333407] [drm] ring test on 0 succeeded in 1 usecs
[ 7836.333412] [drm] ring test on 1 succeeded in 1 usecs
[ 7836.333417] [drm] ring test on 2 succeeded in 1 usecs
[ 7836.333426] [drm] ring test on 3 succeeded in 4 usecs
[ 7836.333433] [drm] ring test on 4 succeeded in 4 usecs
[ 7836.333470] [drm] ib test on ring 0 succeeded in 0 usecs
[ 7836.333536] [drm] ib test on ring 1 succeeded in 0 usecs
[ 7836.333600] [drm] ib test on ring 2 succeeded in 0 usecs
[ 7836.333614] [drm] ib test on ring 3 succeeded in 0 usecs
[ 7836.333627] [drm] ib test on ring 4 succeeded in 0 usecs
[ 7836.347821] rfkill: input handler enabled
[ 7840.730987] rfkill: input handler disabled
[ 8153.614938] [drm] probing gen 2 caps for device 8086:9d10 = 1724843/e
[ 8153.614943] [drm] PCIE gen 3 link speeds already enabled
[ 8153.630990] [drm] PCIE GART of 2048M enabled (table at 0x0000000000040000).
[ 8153.631219] radeon 0000:01:00.0: WB enabled
[ 8153.631221] radeon 0000:01:00.0: fence driver on ring 0 use gpu addr 0x0000000080000c00 and cpu addr 0x0000000046ffa30a
[ 8153.631222] radeon 0000:01:00.0: fence driver on ring 1 use gpu addr 0x0000000080000c04 and cpu addr 0x0000000062822e3e
[ 8153.631224] radeon 0000:01:00.0: fence driver on ring 2 use gpu addr 0x0000000080000c08 and cpu addr 0x000000006c365e6b
[ 8153.631225] radeon 0000:01:00.0: fence driver on ring 3 use gpu addr 0x0000000080000c0c and cpu addr 0x000000003403ddc8
[ 8153.631226] radeon 0000:01:00.0: fence driver on ring 4 use gpu addr 0x0000000080000c10 and cpu addr 0x00000000d8e320fb
[ 8153.830913] [drm] ring test on 0 succeeded in 1 usecs
[ 8153.830932] [drm] ring test on 1 succeeded in 1 usecs
[ 8153.830937] [drm] ring test on 2 succeeded in 1 usecs
[ 8153.830946] [drm] ring test on 3 succeeded in 4 usecs
[ 8153.830953] [drm] ring test on 4 succeeded in 4 usecs
[ 8153.830990] [drm] ib test on ring 0 succeeded in 0 usecs
[ 8153.831054] [drm] ib test on ring 1 succeeded in 0 usecs
